Archive member included to satisfy reference by file (symbol)

d:/programs/eclipse_c/plugins/fr.ac6.mcu.externaltools.arm-none.win32_1.12.0.201611241417/tools/compiler/bin/../lib/gcc/arm-none-eabi/5.4.1/../../../../arm-none-eabi/lib/armv7e-m/fpu\libc_nano.a(lib_a-exit.o)
                              d:/programs/eclipse_c/plugins/fr.ac6.mcu.externaltools.arm-none.win32_1.12.0.201611241417/tools/compiler/bin/../lib/gcc/arm-none-eabi/5.4.1/../../../../arm-none-eabi/lib/armv7e-m/fpu/crt0.o (exit)
d:/programs/eclipse_c/plugins/fr.ac6.mcu.externaltools.arm-none.win32_1.12.0.201611241417/tools/compiler/bin/../lib/gcc/arm-none-eabi/5.4.1/../../../../arm-none-eabi/lib/armv7e-m/fpu\libc_nano.a(lib_a-impure.o)
                              d:/programs/eclipse_c/plugins/fr.ac6.mcu.externaltools.arm-none.win32_1.12.0.201611241417/tools/compiler/bin/../lib/gcc/arm-none-eabi/5.4.1/../../../../arm-none-eabi/lib/armv7e-m/fpu\libc_nano.a(lib_a-exit.o) (_global_impure_ptr)
d:/programs/eclipse_c/plugins/fr.ac6.mcu.externaltools.arm-none.win32_1.12.0.201611241417/tools/compiler/bin/../lib/gcc/arm-none-eabi/5.4.1/../../../../arm-none-eabi/lib/armv7e-m/fpu\libc_nano.a(lib_a-init.o)
                              d:/programs/eclipse_c/plugins/fr.ac6.mcu.externaltools.arm-none.win32_1.12.0.201611241417/tools/compiler/bin/../lib/gcc/arm-none-eabi/5.4.1/../../../../arm-none-eabi/lib/armv7e-m/fpu/crt0.o (__libc_init_array)
d:/programs/eclipse_c/plugins/fr.ac6.mcu.externaltools.arm-none.win32_1.12.0.201611241417/tools/compiler/bin/../lib/gcc/arm-none-eabi/5.4.1/../../../../arm-none-eabi/lib/armv7e-m/fpu\libc_nano.a(lib_a-memset.o)
                              d:/programs/eclipse_c/plugins/fr.ac6.mcu.externaltools.arm-none.win32_1.12.0.201611241417/tools/compiler/bin/../lib/gcc/arm-none-eabi/5.4.1/../../../../arm-none-eabi/lib/armv7e-m/fpu/crt0.o (memset)
d:/programs/eclipse_c/plugins/fr.ac6.mcu.externaltools.arm-none.win32_1.12.0.201611241417/tools/compiler/bin/../lib/gcc/arm-none-eabi/5.4.1/../../../../arm-none-eabi/lib/armv7e-m/fpu\libnosys.a(_exit.o)
                              d:/programs/eclipse_c/plugins/fr.ac6.mcu.externaltools.arm-none.win32_1.12.0.201611241417/tools/compiler/bin/../lib/gcc/arm-none-eabi/5.4.1/../../../../arm-none-eabi/lib/armv7e-m/fpu\libc_nano.a(lib_a-exit.o) (_exit)

Allocating common symbols
Common symbol       size              file

htim10              0x3c              Application/User/main.o
uwTick              0x4               Drivers/STM32F4xx_HAL_Driver/stm32f4xx_hal.o
pFlash              0x20              Drivers/STM32F4xx_HAL_Driver/stm32f4xx_hal_flash.o

Discarded input sections

 .text          0x00000000        0x0 d:/programs/eclipse_c/plugins/fr.ac6.mcu.externaltools.arm-none.win32_1.12.0.201611241417/tools/compiler/bin/../lib/gcc/arm-none-eabi/5.4.1/armv7e-m/fpu/crti.o
 .data          0x00000000        0x0 d:/programs/eclipse_c/plugins/fr.ac6.mcu.externaltools.arm-none.win32_1.12.0.201611241417/tools/compiler/bin/../lib/gcc/arm-none-eabi/5.4.1/armv7e-m/fpu/crti.o
 .bss           0x00000000        0x0 d:/programs/eclipse_c/plugins/fr.ac6.mcu.externaltools.arm-none.win32_1.12.0.201611241417/tools/compiler/bin/../lib/gcc/arm-none-eabi/5.4.1/armv7e-m/fpu/crti.o
 .data          0x00000000        0x4 d:/programs/eclipse_c/plugins/fr.ac6.mcu.externaltools.arm-none.win32_1.12.0.201611241417/tools/compiler/bin/../lib/gcc/arm-none-eabi/5.4.1/armv7e-m/fpu/crtbegin.o
 .text          0x00000000       0x74 d:/programs/eclipse_c/plugins/fr.ac6.mcu.externaltools.arm-none.win32_1.12.0.201611241417/tools/compiler/bin/../lib/gcc/arm-none-eabi/5.4.1/../../../../arm-none-eabi/lib/armv7e-m/fpu/crt0.o
 .data          0x00000000        0x0 d:/programs/eclipse_c/plugins/fr.ac6.mcu.externaltools.arm-none.win32_1.12.0.201611241417/tools/compiler/bin/../lib/gcc/arm-none-eabi/5.4.1/../../../../arm-none-eabi/lib/armv7e-m/fpu/crt0.o
 .bss           0x00000000        0x0 d:/programs/eclipse_c/plugins/fr.ac6.mcu.externaltools.arm-none.win32_1.12.0.201611241417/tools/compiler/bin/../lib/gcc/arm-none-eabi/5.4.1/../../../../arm-none-eabi/lib/armv7e-m/fpu/crt0.o
 .ARM.extab     0x00000000        0x0 d:/programs/eclipse_c/plugins/fr.ac6.mcu.externaltools.arm-none.win32_1.12.0.201611241417/tools/compiler/bin/../lib/gcc/arm-none-eabi/5.4.1/../../../../arm-none-eabi/lib/armv7e-m/fpu/crt0.o
 .ARM.exidx     0x00000000        0x8 d:/programs/eclipse_c/plugins/fr.ac6.mcu.externaltools.arm-none.win32_1.12.0.201611241417/tools/compiler/bin/../lib/gcc/arm-none-eabi/5.4.1/../../../../arm-none-eabi/lib/armv7e-m/fpu/crt0.o
 .ARM.attributes
                0x00000000       0x20 d:/programs/eclipse_c/plugins/fr.ac6.mcu.externaltools.arm-none.win32_1.12.0.201611241417/tools/compiler/bin/../lib/gcc/arm-none-eabi/5.4.1/../../../../arm-none-eabi/lib/armv7e-m/fpu/crt0.o
 .text          0x00000000       0x14 Application/SW4STM32/startup_stm32f411xe.o
 .data          0x00000000        0x0 Application/SW4STM32/startup_stm32f411xe.o
[...]
Memory Configuration

Name             Origin             Length             Attributes
RAM              0x20000000         0x00020000         xrw
FLASH            0x08000000         0x00080000         xr
*default*        0x00000000         0xffffffff

Linker script and memory map

LOAD d:/programs/eclipse_c/plugins/fr.ac6.mcu.externaltools.arm-none.win32_1.12.0.201611241417/tools/compiler/bin/../lib/gcc/arm-none-eabi/5.4.1/armv7e-m/fpu/crti.o
LOAD d:/programs/eclipse_c/plugins/fr.ac6.mcu.externaltools.arm-none.win32_1.12.0.201611241417/tools/compiler/bin/../lib/gcc/arm-none-eabi/5.4.1/armv7e-m/fpu/crtbegin.o
LOAD d:/programs/eclipse_c/plugins/fr.ac6.mcu.externaltools.arm-none.win32_1.12.0.201611241417/tools/compiler/bin/../lib/gcc/arm-none-eabi/5.4.1/../../../../arm-none-eabi/lib/armv7e-m/fpu/crt0.o
LOAD d:/programs/eclipse_c/plugins/fr.ac6.mcu.externaltools.arm-none.win32_1.12.0.201611241417/tools/compiler/bin/../lib/gcc/arm-none-eabi/5.4.1/../../../../arm-none-eabi/lib/armv7e-m/fpu\libm.a
LOAD Application/SW4STM32/startup_stm32f411xe.o
LOAD Application/User/main.o
LOAD Application/User/stm32f4xx_hal_msp.o
LOAD Application/User/stm32f4xx_it.o
LOAD Drivers/CMSIS/system_stm32f4xx.o
LOAD Drivers/STM32F4xx_HAL_Driver/stm32f4xx_hal.o
LOAD Drivers/STM32F4xx_HAL_Driver/stm32f4xx_hal_cortex.o
LOAD Drivers/STM32F4xx_HAL_Driver/stm32f4xx_hal_dma.o
LOAD Drivers/STM32F4xx_HAL_Driver/stm32f4xx_hal_dma_ex.o
LOAD Drivers/STM32F4xx_HAL_Driver/stm32f4xx_hal_flash.o
LOAD Drivers/STM32F4xx_HAL_Driver/stm32f4xx_hal_flash_ex.o
LOAD Drivers/STM32F4xx_HAL_Driver/stm32f4xx_hal_flash_ramfunc.o
LOAD Drivers/STM32F4xx_HAL_Driver/stm32f4xx_hal_gpio.o
LOAD Drivers/STM32F4xx_HAL_Driver/stm32f4xx_hal_pwr.o
LOAD Drivers/STM32F4xx_HAL_Driver/stm32f4xx_hal_pwr_ex.o
LOAD Drivers/STM32F4xx_HAL_Driver/stm32f4xx_hal_rcc.o
LOAD Drivers/STM32F4xx_HAL_Driver/stm32f4xx_hal_rcc_ex.o
LOAD Drivers/STM32F4xx_HAL_Driver/stm32f4xx_hal_tim.o
LOAD Drivers/STM32F4xx_HAL_Driver/stm32f4xx_hal_tim_ex.o
START GROUP
LOAD d:/programs/eclipse_c/plugins/fr.ac6.mcu.externaltools.arm-none.win32_1.12.0.201611241417/tools/compiler/bin/../lib/gcc/arm-none-eabi/5.4.1/armv7e-m/fpu\libgcc.a
LOAD d:/programs/eclipse_c/plugins/fr.ac6.mcu.externaltools.arm-none.win32_1.12.0.201611241417/tools/compiler/bin/../lib/gcc/arm-none-eabi/5.4.1/../../../../arm-none-eabi/lib/armv7e-m/fpu\libc_nano.a
END GROUP
START GROUP
LOAD d:/programs/eclipse_c/plugins/fr.ac6.mcu.externaltools.arm-none.win32_1.12.0.201611241417/tools/compiler/bin/../lib/gcc/arm-none-eabi/5.4.1/armv7e-m/fpu\libgcc.a
LOAD d:/programs/eclipse_c/plugins/fr.ac6.mcu.externaltools.arm-none.win32_1.12.0.201611241417/tools/compiler/bin/../lib/gcc/arm-none-eabi/5.4.1/../../../../arm-none-eabi/lib/armv7e-m/fpu\libc_nano.a
LOAD d:/programs/eclipse_c/plugins/fr.ac6.mcu.externaltools.arm-none.win32_1.12.0.201611241417/tools/compiler/bin/../lib/gcc/arm-none-eabi/5.4.1/../../../../arm-none-eabi/lib/armv7e-m/fpu\libnosys.a
END GROUP
START GROUP
LOAD d:/programs/eclipse_c/plugins/fr.ac6.mcu.externaltools.arm-none.win32_1.12.0.201611241417/tools/compiler/bin/../lib/gcc/arm-none-eabi/5.4.1/armv7e-m/fpu\libgcc.a
LOAD d:/programs/eclipse_c/plugins/fr.ac6.mcu.externaltools.arm-none.win32_1.12.0.201611241417/tools/compiler/bin/../lib/gcc/arm-none-eabi/5.4.1/../../../../arm-none-eabi/lib/armv7e-m/fpu\libc_nano.a
LOAD d:/programs/eclipse_c/plugins/fr.ac6.mcu.externaltools.arm-none.win32_1.12.0.201611241417/tools/compiler/bin/../lib/gcc/arm-none-eabi/5.4.1/../../../../arm-none-eabi/lib/armv7e-m/fpu\libnosys.a
END GROUP
LOAD d:/programs/eclipse_c/plugins/fr.ac6.mcu.externaltools.arm-none.win32_1.12.0.201611241417/tools/compiler/bin/../lib/gcc/arm-none-eabi/5.4.1/armv7e-m/fpu/crtend.o
LOAD d:/programs/eclipse_c/plugins/fr.ac6.mcu.externaltools.arm-none.win32_1.12.0.201611241417/tools/compiler/bin/../lib/gcc/arm-none-eabi/5.4.1/armv7e-m/fpu/crtn.o
                0x20020000                _estack = 0x20020000
                0x00000200                _Min_Heap_Size = 0x200
                0x00000400                _Min_Stack_Size = 0x400

.isr_vector     0x08000000      0x198
                0x08000000                . = ALIGN (0x4)
 *(.isr_vector)
 .isr_vector    0x08000000      0x198 Application/SW4STM32/startup_stm32f411xe.o
                0x08000000                g_pfnVectors
                0x08000198                . = ALIGN (0x4)

.text           0x08000198      0xdd8
                0x08000198                . = ALIGN (0x4)
 *(.text)
 .text          0x08000198       0x5c d:/programs/eclipse_c/plugins/fr.ac6.mcu.externaltools.arm-none.win32_1.12.0.201611241417/tools/compiler/bin/../lib/gcc/arm-none-eabi/5.4.1/armv7e-m/fpu/crtbegin.o
 *(.text*)
 .text.Reset_Handler
                0x080001f4       0x50 Application/SW4STM32/startup_stm32f411xe.o
                0x080001f4                Reset_Handler
 .text.Default_Handler
                0x08000244        0x2 Application/SW4STM32/startup_stm32f411xe.o
                0x08000244                RTC_Alarm_IRQHandler
                0x08000244                EXTI2_IRQHandler
                0x08000244                SPI4_IRQHandler
                0x08000244                TIM1_CC_IRQHandler
                0x08000244                DMA2_Stream5_IRQHandler
                0x08000244                DMA1_Stream5_IRQHandler
                0x08000244                PVD_IRQHandler
                0x08000244                SDIO_IRQHandler
                0x08000244                TAMP_STAMP_IRQHandler
                0x08000244                EXTI3_IRQHandler
                0x08000244                I2C3_ER_IRQHandler
                0x08000244                EXTI0_IRQHandler
                0x08000244                I2C2_EV_IRQHandler
                0x08000244                DMA1_Stream2_IRQHandler
                0x08000244                FPU_IRQHandler
                0x08000244                DMA2_Stream2_IRQHandler
                0x08000244                SPI1_IRQHandler
                0x08000244                TIM1_BRK_TIM9_IRQHandler
                0x08000244                DMA2_Stream3_IRQHandler
                0x08000244                USART6_IRQHandler
                0x08000244                DMA2_Stream0_IRQHandler
                0x08000244                TIM4_IRQHandler
                0x08000244                I2C1_EV_IRQHandler
                0x08000244                DMA1_Stream6_IRQHandler
                0x08000244                DMA1_Stream1_IRQHandler
                0x08000244                TIM3_IRQHandler
                0x08000244                RCC_IRQHandler
                0x08000244                Default_Handler
                0x08000244                EXTI15_10_IRQHandler
                0x08000244                ADC_IRQHandler
                0x08000244                DMA1_Stream7_IRQHandler
                0x08000244                SPI5_IRQHandler
                0x08000244                TIM5_IRQHandler
                0x08000244                DMA2_Stream7_IRQHandler
                0x08000244                I2C3_EV_IRQHandler
                0x08000244                EXTI9_5_IRQHandler
                0x08000244                RTC_WKUP_IRQHandler
                0x08000244                SPI2_IRQHandler
                0x08000244                DMA1_Stream0_IRQHandler
                0x08000244                EXTI4_IRQHandler
                0x08000244                WWDG_IRQHandler
                0x08000244                TIM2_IRQHandler
                0x08000244                OTG_FS_WKUP_IRQHandler
                0x08000244                TIM1_TRG_COM_TIM11_IRQHandler
                0x08000244                EXTI1_IRQHandler
                0x08000244                USART2_IRQHandler
                0x08000244                I2C2_ER_IRQHandler
                0x08000244                DMA2_Stream1_IRQHandler
                0x08000244                FLASH_IRQHandler
                0x08000244                DMA2_Stream4_IRQHandler
                0x08000244                USART1_IRQHandler
                0x08000244                OTG_FS_IRQHandler
                0x08000244                SPI3_IRQHandler
                0x08000244                DMA1_Stream4_IRQHandler
                0x08000244                I2C1_ER_IRQHandler
                0x08000244                DMA2_Stream6_IRQHandler
                0x08000244                DMA1_Stream3_IRQHandler
 *fill*         0x08000246        0x2 
 .text.HAL_TIM_PeriodElapsedCallback
                0x08000248       0x34 Application/User/main.o
                0x08000248                HAL_TIM_PeriodElapsedCallback
 .text.SystemClock_Config
                0x0800027c       0xa8 Application/User/main.o
                0x0800027c                SystemClock_Config
 .text.startup.main
                0x08000324       0x7c Application/User/main.o
                0x08000324                main
 .text.HAL_MspInit
                0x080003a0       0x60 Application/User/stm32f4xx_hal_msp.o
                0x080003a0                HAL_MspInit
 .text.HAL_TIM_Base_MspInit
                0x08000400       0x3c Application/User/stm32f4xx_hal_msp.o
                0x08000400                HAL_TIM_Base_MspInit
 .text.NMI_Handler
                0x0800043c        0x2 Application/User/stm32f4xx_it.o
                0x0800043c                NMI_Handler
 .text.HardFault_Handler
                0x0800043e        0x2 Application/User/stm32f4xx_it.o
                0x0800043e                HardFault_Handler
 .text.MemManage_Handler
                0x08000440        0x2 Application/User/stm32f4xx_it.o
                0x08000440                MemManage_Handler
 .text.BusFault_Handler
                0x08000442        0x2 Application/User/stm32f4xx_it.o
                0x08000442                BusFault_Handler
 .text.UsageFault_Handler
                0x08000444        0x2 Application/User/stm32f4xx_it.o
                0x08000444                UsageFault_Handler
 .text.SVC_Handler
                0x08000446        0x2 Application/User/stm32f4xx_it.o
                0x08000446                SVC_Handler
 .text.DebugMon_Handler
                0x08000448        0x2 Application/User/stm32f4xx_it.o
                0x08000448                DebugMon_Handler
 .text.PendSV_Handler
                0x0800044a        0x2 Application/User/stm32f4xx_it.o
                0x0800044a                PendSV_Handler
 .text.SysTick_Handler
                0x0800044c        0xe Application/User/stm32f4xx_it.o
                0x0800044c                SysTick_Handler
 *fill*         0x0800045a        0x2 
 .text.TIM1_UP_TIM10_IRQHandler
                0x0800045c        0xc Application/User/stm32f4xx_it.o
                0x0800045c                TIM1_UP_TIM10_IRQHandler
 .text.SystemInit
                0x08000468       0x4c Drivers/CMSIS/system_stm32f4xx.o
                0x08000468                SystemInit
 .text.HAL_InitTick
                0x080004b4       0x28 Drivers/STM32F4xx_HAL_Driver/stm32f4xx_hal.o
                0x080004b4                HAL_InitTick
 .text.HAL_Init
                0x080004dc       0x34 Drivers/STM32F4xx_HAL_Driver/stm32f4xx_hal.o
                0x080004dc                HAL_Init
 .text.HAL_IncTick
                0x08000510       0x10 Drivers/STM32F4xx_HAL_Driver/stm32f4xx_hal.o
                0x08000510                HAL_IncTick
 .text.HAL_GetTick
                0x08000520        0xc Drivers/STM32F4xx_HAL_Driver/stm32f4xx_hal.o
                0x08000520                HAL_GetTick
 .text.HAL_NVIC_SetPriorityGrouping
                0x0800052c       0x24 Drivers/STM32F4xx_HAL_Driver/stm32f4xx_hal_cortex.o
                0x0800052c                HAL_NVIC_SetPriorityGrouping
 .text.HAL_NVIC_SetPriority
                0x08000550       0x68 Drivers/STM32F4xx_HAL_Driver/stm32f4xx_hal_cortex.o
                0x08000550                HAL_NVIC_SetPriority
 .text.HAL_NVIC_EnableIRQ
                0x080005b8       0x18 Drivers/STM32F4xx_HAL_Driver/stm32f4xx_hal_cortex.o
                0x080005b8                HAL_NVIC_EnableIRQ
 .text.HAL_SYSTICK_Config
                0x080005d0       0x2c Drivers/STM32F4xx_HAL_Driver/stm32f4xx_hal_cortex.o
                0x080005d0                HAL_SYSTICK_Config
 .text.HAL_SYSTICK_CLKSourceConfig
                0x080005fc       0x18 Drivers/STM32F4xx_HAL_Driver/stm32f4xx_hal_cortex.o
                0x080005fc                HAL_SYSTICK_CLKSourceConfig
 .text.HAL_SYSTICK_Callback
                0x08000614        0x2 Drivers/STM32F4xx_HAL_Driver/stm32f4xx_hal_cortex.o
                0x08000614                HAL_SYSTICK_Callback
 .text.HAL_SYSTICK_IRQHandler
                0x08000616        0x8 Drivers/STM32F4xx_HAL_Driver/stm32f4xx_hal_cortex.o
                0x08000616                HAL_SYSTICK_IRQHandler
 *fill*         0x0800061e        0x2 
 .text.HAL_GPIO_Init
                0x08000620      0x19c Drivers/STM32F4xx_HAL_Driver/stm32f4xx_hal_gpio.o
                0x08000620                HAL_GPIO_Init
 .text.HAL_GPIO_WritePin
                0x080007bc        0x8 Drivers/STM32F4xx_HAL_Driver/stm32f4xx_hal_gpio.o
                0x080007bc                HAL_GPIO_WritePin
 .text.HAL_GPIO_TogglePin
                0x080007c4        0x8 Drivers/STM32F4xx_HAL_Driver/stm32f4xx_hal_gpio.o
                0x080007c4                HAL_GPIO_TogglePin
 .text.HAL_RCC_OscConfig
                0x080007cc      0x31c Drivers/STM32F4xx_HAL_Driver/stm32f4xx_hal_rcc.o
                0x080007cc                HAL_RCC_OscConfig
 .text.HAL_RCC_GetSysClockFreq
                0x08000ae8       0x7c Drivers/STM32F4xx_HAL_Driver/stm32f4xx_hal_rcc.o
                0x08000ae8                HAL_RCC_GetSysClockFreq
 .text.HAL_RCC_ClockConfig
                0x08000b64      0x168 Drivers/STM32F4xx_HAL_Driver/stm32f4xx_hal_rcc.o
                0x08000b64                HAL_RCC_ClockConfig
 .text.HAL_RCC_GetHCLKFreq
                0x08000ccc        0xc Drivers/STM32F4xx_HAL_Driver/stm32f4xx_hal_rcc.o
                0x08000ccc                HAL_RCC_GetHCLKFreq
 .text.HAL_TIM_Base_Start_IT
                0x08000cd8       0x16 Drivers/STM32F4xx_HAL_Driver/stm32f4xx_hal_tim.o
                0x08000cd8                HAL_TIM_Base_Start_IT
 .text.HAL_TIM_OC_DelayElapsedCallback
                0x08000cee        0x2 Drivers/STM32F4xx_HAL_Driver/stm32f4xx_hal_tim.o
                0x08000cee                HAL_TIM_OC_DelayElapsedCallback
 .text.HAL_TIM_IC_CaptureCallback
                0x08000cf0        0x2 Drivers/STM32F4xx_HAL_Driver/stm32f4xx_hal_tim.o
                0x08000cf0                HAL_TIM_IC_CaptureCallback
 .text.HAL_TIM_PWM_PulseFinishedCallback
                0x08000cf2        0x2 Drivers/STM32F4xx_HAL_Driver/stm32f4xx_hal_tim.o
                0x08000cf2                HAL_TIM_PWM_PulseFinishedCallback
 .text.HAL_TIM_TriggerCallback
                0x08000cf4        0x2 Drivers/STM32F4xx_HAL_Driver/stm32f4xx_hal_tim.o
                0x08000cf4                HAL_TIM_TriggerCallback
 .text.HAL_TIM_IRQHandler
                0x08000cf6      0x144 Drivers/STM32F4xx_HAL_Driver/stm32f4xx_hal_tim.o
                0x08000cf6                HAL_TIM_IRQHandler
 *fill*         0x08000e3a        0x2 
 .text.TIM_Base_SetConfig
                0x08000e3c       0x98 Drivers/STM32F4xx_HAL_Driver/stm32f4xx_hal_tim.o
                0x08000e3c                TIM_Base_SetConfig
 .text.HAL_TIM_Base_Init
                0x08000ed4       0x34 Drivers/STM32F4xx_HAL_Driver/stm32f4xx_hal_tim.o
                0x08000ed4                HAL_TIM_Base_Init
 .text.HAL_TIMEx_CommutationCallback
                0x08000f08        0x2 Drivers/STM32F4xx_HAL_Driver/stm32f4xx_hal_tim_ex.o
                0x08000f08                HAL_TIMEx_CommutationCallback
 .text.HAL_TIMEx_BreakCallback
                0x08000f0a        0x2 Drivers/STM32F4xx_HAL_Driver/stm32f4xx_hal_tim_ex.o
                0x08000f0a                HAL_TIMEx_BreakCallback
 .text.__libc_init_array
                0x08000f0c       0x4c d:/programs/eclipse_c/plugins/fr.ac6.mcu.externaltools.arm-none.win32_1.12.0.201611241417/tools/compiler/bin/../lib/gcc/arm-none-eabi/5.4.1/../../../../arm-none-eabi/lib/armv7e-m/fpu\libc_nano.a(lib_a-init.o)
                0x08000f0c                __libc_init_array
 *(.glue_7)
 .glue_7        0x08000f58        0x0 linker stubs
 *(.glue_7t)
 .glue_7t       0x08000f58        0x0 linker stubs
 *(.eh_frame)
 .eh_frame      0x08000f58        0x0 d:/programs/eclipse_c/plugins/fr.ac6.mcu.externaltools.arm-none.win32_1.12.0.201611241417/tools/compiler/bin/../lib/gcc/arm-none-eabi/5.4.1/armv7e-m/fpu/crtbegin.o
 *(.init)
 .init          0x08000f58        0x4 d:/programs/eclipse_c/plugins/fr.ac6.mcu.externaltools.arm-none.win32_1.12.0.201611241417/tools/compiler/bin/../lib/gcc/arm-none-eabi/5.4.1/armv7e-m/fpu/crti.o
                0x08000f58                _init
 .init          0x08000f5c        0x8 d:/programs/eclipse_c/plugins/fr.ac6.mcu.externaltools.arm-none.win32_1.12.0.201611241417/tools/compiler/bin/../lib/gcc/arm-none-eabi/5.4.1/armv7e-m/fpu/crtn.o
 *(.fini)
 .fini          0x08000f64        0x4 d:/programs/eclipse_c/plugins/fr.ac6.mcu.externaltools.arm-none.win32_1.12.0.201611241417/tools/compiler/bin/../lib/gcc/arm-none-eabi/5.4.1/armv7e-m/fpu/crti.o
                0x08000f64                _fini
 .fini          0x08000f68        0x8 d:/programs/eclipse_c/plugins/fr.ac6.mcu.externaltools.arm-none.win32_1.12.0.201611241417/tools/compiler/bin/../lib/gcc/arm-none-eabi/5.4.1/armv7e-m/fpu/crtn.o
                0x08000f70                . = ALIGN (0x4)
                0x08000f70                _etext = .

.vfp11_veneer   0x08000f70        0x0
 .vfp11_veneer  0x08000f70        0x0 linker stubs

.v4_bx          0x08000f70        0x0
 .v4_bx         0x08000f70        0x0 linker stubs

.iplt           0x08000f70        0x0
 .iplt          0x08000f70        0x0 d:/programs/eclipse_c/plugins/fr.ac6.mcu.externaltools.arm-none.win32_1.12.0.201611241417/tools/compiler/bin/../lib/gcc/arm-none-eabi/5.4.1/armv7e-m/fpu/crtbegin.o

.rodata         0x08000f70       0x10
                0x08000f70                . = ALIGN (0x4)
 *(.rodata)
 .rodata        0x08000f70       0x10 Drivers/STM32F4xx_HAL_Driver/stm32f4xx_hal_rcc.o
                0x08000f70                APBAHBPrescTable
 *(.rodata*)
                0x08000f80                . = ALIGN (0x4)

.rel.dyn        0x08000f80        0x0
 .rel.iplt      0x08000f80        0x0 d:/programs/eclipse_c/plugins/fr.ac6.mcu.externaltools.arm-none.win32_1.12.0.201611241417/tools/compiler/bin/../lib/gcc/arm-none-eabi/5.4.1/armv7e-m/fpu/crtbegin.o

.ARM.extab
 *(.ARM.extab* .gnu.linkonce.armextab.*)

.ARM            0x08000f80        0x0
                0x08000f80                __exidx_start = .
 *(.ARM.exidx*)
                0x08000f80                __exidx_end = .

.preinit_array  0x08000f80        0x0
                0x08000f80                PROVIDE (__preinit_array_start, .)
 *(.preinit_array*)
                0x08000f80                PROVIDE (__preinit_array_end, .)

.init_array     0x08000f80        0x4
                0x08000f80                PROVIDE (__init_array_start, .)
 *(SORT(.init_array.*))
 *(.init_array*)
 .init_array    0x08000f80        0x4 d:/programs/eclipse_c/plugins/fr.ac6.mcu.externaltools.arm-none.win32_1.12.0.201611241417/tools/compiler/bin/../lib/gcc/arm-none-eabi/5.4.1/armv7e-m/fpu/crtbegin.o
                0x08000f84                PROVIDE (__init_array_end, .)

.fini_array     0x08000f84        0x4
                [!provide]                PROVIDE (__fini_array_start, .)
 *(SORT(.fini_array.*))
 *(.fini_array*)
 .fini_array    0x08000f84        0x4 d:/programs/eclipse_c/plugins/fr.ac6.mcu.externaltools.arm-none.win32_1.12.0.201611241417/tools/compiler/bin/../lib/gcc/arm-none-eabi/5.4.1/armv7e-m/fpu/crtbegin.o
                [!provide]                PROVIDE (__fini_array_end, .)
                0x08000f88                _sidata = LOADADDR (.data)

.data           0x20000000        0x4 load address 0x08000f88
                0x20000000                . = ALIGN (0x4)
                0x20000000                _sdata = .
 *(.data)
 .data          0x20000000        0x4 Drivers/CMSIS/system_stm32f4xx.o
                0x20000000                SystemCoreClock
 *(.data*)
                0x20000004                . = ALIGN (0x4)
                0x20000004                _edata = .

.jcr            0x20000004        0x0 load address 0x08000f8c
 .jcr           0x20000004        0x0 d:/programs/eclipse_c/plugins/fr.ac6.mcu.externaltools.arm-none.win32_1.12.0.201611241417/tools/compiler/bin/../lib/gcc/arm-none-eabi/5.4.1/armv7e-m/fpu/crtbegin.o

.igot.plt       0x20000004        0x0 load address 0x08000f8c
 .igot.plt      0x20000004        0x0 d:/programs/eclipse_c/plugins/fr.ac6.mcu.externaltools.arm-none.win32_1.12.0.201611241417/tools/compiler/bin/../lib/gcc/arm-none-eabi/5.4.1/armv7e-m/fpu/crtbegin.o
                0x20000004                . = ALIGN (0x4)

.bss            0x20000004       0x60 load address 0x08000f8c
                0x20000004                _sbss = .
                0x20000004                __bss_start__ = _sbss
 *(.bss)
 .bss           0x20000004       0x1c d:/programs/eclipse_c/plugins/fr.ac6.mcu.externaltools.arm-none.win32_1.12.0.201611241417/tools/compiler/bin/../lib/gcc/arm-none-eabi/5.4.1/armv7e-m/fpu/crtbegin.o
 .bss           0x20000020        0x2 Application/User/main.o
 *(.bss*)
 *(COMMON)
 *fill*         0x20000022        0x2 
 COMMON         0x20000024       0x3c Application/User/main.o
                0x20000024                htim10
 COMMON         0x20000060        0x4 Drivers/STM32F4xx_HAL_Driver/stm32f4xx_hal.o
                0x20000060                uwTick
                0x20000064                . = ALIGN (0x4)
                0x20000064                _ebss = .
                0x20000064                __bss_end__ = _ebss

._user_heap_stack
                0x20000064      0x604 load address 0x08000f8c
                0x20000068                . = ALIGN (0x8)
 *fill*         0x20000064        0x4 
                [!provide]                PROVIDE (end, .)
                [!provide]                PROVIDE (_end, .)
                0x20000268                . = (. + _Min_Heap_Size)
 *fill*         0x20000068      0x200 
                0x20000668                . = (. + _Min_Stack_Size)
 *fill*         0x20000268      0x400 
                0x20000668                . = ALIGN (0x8)

/DISCARD/
 libc.a(*)
 libm.a(*)
 libgcc.a(*)

.ARM.attributes
                0x00000000       0x30
 *(.ARM.attributes)
 .ARM.attributes
                0x00000000       0x22 d:/programs/eclipse_c/plugins/fr.ac6.mcu.externaltools.arm-none.win32_1.12.0.201611241417/tools/compiler/bin/../lib/gcc/arm-none-eabi/5.4.1/armv7e-m/fpu/crti.o
 .ARM.attributes
                0x00000022       0x34 d:/programs/eclipse_c/plugins/fr.ac6.mcu.externaltools.arm-none.win32_1.12.0.201611241417/tools/compiler/bin/../lib/gcc/arm-none-eabi/5.4.1/armv7e-m/fpu/crtbegin.o
 .ARM.attributes
                0x00000056       0x21 Application/SW4STM32/startup_stm32f411xe.o
 .ARM.attributes
                0x00000077       0x39 Application/User/main.o
 .ARM.attributes
                0x000000b0       0x39 Application/User/stm32f4xx_hal_msp.o
 .ARM.attributes
                0x000000e9       0x39 Application/User/stm32f4xx_it.o
 .ARM.attributes
                0x00000122       0x39 Drivers/CMSIS/system_stm32f4xx.o
 .ARM.attributes
                0x0000015b       0x39 Drivers/STM32F4xx_HAL_Driver/stm32f4xx_hal.o
 .ARM.attributes
                0x00000194       0x39 Drivers/STM32F4xx_HAL_Driver/stm32f4xx_hal_cortex.o
 .ARM.attributes
                0x000001cd       0x39 Drivers/STM32F4xx_HAL_Driver/stm32f4xx_hal_gpio.o
 .ARM.attributes
                0x00000206       0x39 Drivers/STM32F4xx_HAL_Driver/stm32f4xx_hal_rcc.o
 .ARM.attributes
                0x0000023f       0x39 Drivers/STM32F4xx_HAL_Driver/stm32f4xx_hal_tim.o
 .ARM.attributes
                0x00000278       0x39 Drivers/STM32F4xx_HAL_Driver/stm32f4xx_hal_tim_ex.o
 .ARM.attributes
                0x000002b1       0x34 d:/programs/eclipse_c/plugins/fr.ac6.mcu.externaltools.arm-none.win32_1.12.0.201611241417/tools/compiler/bin/../lib/gcc/arm-none-eabi/5.4.1/../../../../arm-none-eabi/lib/armv7e-m/fpu\libc_nano.a(lib_a-init.o)
 .ARM.attributes
                0x000002e5       0x22 d:/programs/eclipse_c/plugins/fr.ac6.mcu.externaltools.arm-none.win32_1.12.0.201611241417/tools/compiler/bin/../lib/gcc/arm-none-eabi/5.4.1/armv7e-m/fpu/crtn.o
OUTPUT(03_Timer.elf elf32-littlearm)

.debug_line     0x00000000     0x64f8
 .debug_line    0x00000000       0xc4 Application/SW4STM32/startup_stm32f411xe.o
 .debug_line    0x000000c4      0x7c5 Application/User/main.o
 .debug_line    0x00000889      0x775 Application/User/stm32f4xx_hal_msp.o
 .debug_line    0x00000ffe      0x7b4 Application/User/stm32f4xx_it.o
 .debug_line    0x000017b2      0x774 Drivers/CMSIS/system_stm32f4xx.o
 .debug_line    0x00001f26      0x8d2 Drivers/STM32F4xx_HAL_Driver/stm32f4xx_hal.o
 .debug_line    0x000027f8      0x947 Drivers/STM32F4xx_HAL_Driver/stm32f4xx_hal_cortex.o
 .debug_line    0x0000313f      0x8fc Drivers/STM32F4xx_HAL_Driver/stm32f4xx_hal_gpio.o
 .debug_line    0x00003a3b      0xa80 Drivers/STM32F4xx_HAL_Driver/stm32f4xx_hal_rcc.o
 .debug_line    0x000044bb     0x14fc Drivers/STM32F4xx_HAL_Driver/stm32f4xx_hal_tim.o
 .debug_line    0x000059b7      0xb41 Drivers/STM32F4xx_HAL_Driver/stm32f4xx_hal_tim_ex.o

.debug_info     0x00000000     0x8db0
 .debug_info    0x00000000       0xbb Application/SW4STM32/startup_stm32f411xe.o
 .debug_info    0x000000bb      0xe5a Application/User/main.o
 .debug_info    0x00000f15      0xaa6 Application/User/stm32f4xx_hal_msp.o
 .debug_info    0x000019bb      0x644 Application/User/stm32f4xx_it.o
 .debug_info    0x00001fff      0x52a Drivers/CMSIS/system_stm32f4xx.o
 .debug_info    0x00002529      0x874 Drivers/STM32F4xx_HAL_Driver/stm32f4xx_hal.o
 .debug_info    0x00002d9d      0xdef Drivers/STM32F4xx_HAL_Driver/stm32f4xx_hal_cortex.o
 .debug_info    0x00003b8c      0x75a Drivers/STM32F4xx_HAL_Driver/stm32f4xx_hal_gpio.o
 .debug_info    0x000042e6      0xcc1 Drivers/STM32F4xx_HAL_Driver/stm32f4xx_hal_rcc.o
 .debug_info    0x00004fa7     0x2ea2 Drivers/STM32F4xx_HAL_Driver/stm32f4xx_hal_tim.o
 .debug_info    0x00007e49      0xf67 Drivers/STM32F4xx_HAL_Driver/stm32f4xx_hal_tim_ex.o

.debug_abbrev   0x00000000     0x172c
 .debug_abbrev  0x00000000       0x12 Application/SW4STM32/startup_stm32f411xe.o
 .debug_abbrev  0x00000012      0x278 Application/User/main.o
 .debug_abbrev  0x0000028a      0x1aa Application/User/stm32f4xx_hal_msp.o
 .debug_abbrev  0x00000434      0x1bf Application/User/stm32f4xx_it.o
 .debug_abbrev  0x000005f3      0x104 Drivers/CMSIS/system_stm32f4xx.o
 .debug_abbrev  0x000006f7      0x272 Drivers/STM32F4xx_HAL_Driver/stm32f4xx_hal.o
 .debug_abbrev  0x00000969      0x332 Drivers/STM32F4xx_HAL_Driver/stm32f4xx_hal_cortex.o
 .debug_abbrev  0x00000c9b      0x1cb Drivers/STM32F4xx_HAL_Driver/stm32f4xx_hal_gpio.o
 .debug_abbrev  0x00000e66      0x321 Drivers/STM32F4xx_HAL_Driver/stm32f4xx_hal_rcc.o
 .debug_abbrev  0x00001187      0x323 Drivers/STM32F4xx_HAL_Driver/stm32f4xx_hal_tim.o
 .debug_abbrev  0x000014aa      0x282 Drivers/STM32F4xx_HAL_Driver/stm32f4xx_hal_tim_ex.o

.debug_aranges  0x00000000      0x670
 .debug_aranges
                0x00000000       0x28 Application/SW4STM32/startup_stm32f411xe.o
 .debug_aranges
                0x00000028       0x38 Application/User/main.o
 .debug_aranges
                0x00000060       0x30 Application/User/stm32f4xx_hal_msp.o
 .debug_aranges
                0x00000090       0x50 Application/User/stm32f4xx_it.o
 .debug_aranges
                0x000000e0       0x28 Drivers/CMSIS/system_stm32f4xx.o
 .debug_aranges
                0x00000108       0xb8 Drivers/STM32F4xx_HAL_Driver/stm32f4xx_hal.o
 .debug_aranges
                0x000001c0       0x98 Drivers/STM32F4xx_HAL_Driver/stm32f4xx_hal_cortex.o
 .debug_aranges
                0x00000258       0x58 Drivers/STM32F4xx_HAL_Driver/stm32f4xx_hal_gpio.o
 .debug_aranges
                0x000002b0       0x80 Drivers/STM32F4xx_HAL_Driver/stm32f4xx_hal_rcc.o
 .debug_aranges
                0x00000330      0x250 Drivers/STM32F4xx_HAL_Driver/stm32f4xx_hal_tim.o
 .debug_aranges
                0x00000580       0xf0 Drivers/STM32F4xx_HAL_Driver/stm32f4xx_hal_tim_ex.o

.debug_ranges   0x00000000      0x920
 .debug_ranges  0x00000000       0x20 Application/SW4STM32/startup_stm32f411xe.o
 .debug_ranges  0x00000020       0xb0 Application/User/main.o
 .debug_ranges  0x000000d0       0x38 Application/User/stm32f4xx_hal_msp.o
 .debug_ranges  0x00000108       0x40 Application/User/stm32f4xx_it.o
 .debug_ranges  0x00000148       0x18 Drivers/CMSIS/system_stm32f4xx.o
 .debug_ranges  0x00000160       0xa8 Drivers/STM32F4xx_HAL_Driver/stm32f4xx_hal.o
 .debug_ranges  0x00000208      0x148 Drivers/STM32F4xx_HAL_Driver/stm32f4xx_hal_cortex.o
 .debug_ranges  0x00000350       0x70 Drivers/STM32F4xx_HAL_Driver/stm32f4xx_hal_gpio.o
 .debug_ranges  0x000003c0      0x150 Drivers/STM32F4xx_HAL_Driver/stm32f4xx_hal_rcc.o
 .debug_ranges  0x00000510      0x330 Drivers/STM32F4xx_HAL_Driver/stm32f4xx_hal_tim.o
 .debug_ranges  0x00000840       0xe0 Drivers/STM32F4xx_HAL_Driver/stm32f4xx_hal_tim_ex.o

.debug_loc      0x00000000     0x4731
 .debug_loc     0x00000000       0x2c Application/User/main.o
 .debug_loc     0x0000002c       0x4d Application/User/stm32f4xx_hal_msp.o
 .debug_loc     0x00000079       0xd7 Drivers/CMSIS/system_stm32f4xx.o
 .debug_loc     0x00000150       0x92 Drivers/STM32F4xx_HAL_Driver/stm32f4xx_hal.o
 .debug_loc     0x000001e2      0x4ab Drivers/STM32F4xx_HAL_Driver/stm32f4xx_hal_cortex.o
 .debug_loc     0x0000068d      0x370 Drivers/STM32F4xx_HAL_Driver/stm32f4xx_hal_gpio.o
 .debug_loc     0x000009fd      0x485 Drivers/STM32F4xx_HAL_Driver/stm32f4xx_hal_rcc.o
 .debug_loc     0x00000e82     0x30f6 Drivers/STM32F4xx_HAL_Driver/stm32f4xx_hal_tim.o
 .debug_loc     0x00003f78      0x7b9 Drivers/STM32F4xx_HAL_Driver/stm32f4xx_hal_tim_ex.o

.debug_macro    0x00000000    0x15ae3
 .debug_macro   0x00000000      0x302 Application/User/main.o
 .debug_macro   0x00000302      0x89e Application/User/main.o
 .debug_macro   0x00000ba0       0x16 Application/User/main.o
 .debug_macro   0x00000bb6      0x179 Application/User/main.o
 .debug_macro   0x00000d2f       0x33 Application/User/main.o
 .debug_macro   0x00000d62       0x28 Application/User/main.o
 .debug_macro   0x00000d8a       0x22 Application/User/main.o
 .debug_macro   0x00000dac       0x87 Application/User/main.o
 .debug_macro   0x00000e33       0x44 Application/User/main.o
 .debug_macro   0x00000e77       0xfd Application/User/main.o
 .debug_macro   0x00000f74       0x5e Application/User/main.o
 .debug_macro   0x00000fd2      0x1df Application/User/main.o
 .debug_macro   0x000011b1       0x35 Application/User/main.o
 .debug_macro   0x000011e6       0x50 Application/User/main.o
 .debug_macro   0x00001236      0xe66 Application/User/main.o
 .debug_macro   0x0000209c     0xb857 Application/User/main.o
 .debug_macro   0x0000d8f3       0x43 Application/User/main.o
 .debug_macro   0x0000d936     0x347f Application/User/main.o
 .debug_macro   0x00010db5       0x52 Application/User/main.o
 .debug_macro   0x00010e07       0x35 Application/User/main.o
 .debug_macro   0x00010e3c       0x9c Application/User/main.o
 .debug_macro   0x00010ed8       0x16 Application/User/main.o
 .debug_macro   0x00010eee       0x97 Application/User/main.o
 .debug_macro   0x00010f85      0x30d Application/User/main.o
 .debug_macro   0x00011292       0xfd Application/User/main.o
 .debug_macro   0x0001138f       0x10 Application/User/main.o
 .debug_macro   0x0001139f       0x52 Application/User/main.o
 .debug_macro   0x000113f1       0x1f Application/User/main.o
 .debug_macro   0x00011410       0x43 Application/User/main.o
 .debug_macro   0x00011453       0x20 Application/User/main.o
 .debug_macro   0x00011473      0x187 Application/User/main.o
 .debug_macro   0x000115fa       0x10 Application/User/main.o
 .debug_macro   0x0001160a       0x1c Application/User/main.o
 .debug_macro   0x00011626       0x52 Application/User/main.o
 .debug_macro   0x00011678       0x40 Application/User/main.o
 .debug_macro   0x000116b8       0x10 Application/User/main.o
 .debug_macro   0x000116c8       0x40 Application/User/main.o
 .debug_macro   0x00011708       0xd7 Application/User/main.o
 .debug_macro   0x000117df       0x16 Application/User/main.o
 .debug_macro   0x000117f5      0x189 Application/User/main.o
 .debug_macro   0x0001197e       0x50 Application/User/main.o
 .debug_macro   0x000119ce      0x45c Application/User/main.o
 .debug_macro   0x00011e2a      0x9e1 Application/User/main.o
 .debug_macro   0x0001280b      0x11e Application/User/main.o
 .debug_macro   0x00012929      0x11b Application/User/main.o
 .debug_macro   0x00012a44       0x27 Application/User/main.o
 .debug_macro   0x00012a6b      0x287 Application/User/main.o
 .debug_macro   0x00012cf2       0x5f Application/User/main.o
 .debug_macro   0x00012d51      0x23a Application/User/main.o
 .debug_macro   0x00012f8b      0x13a Application/User/main.o
 .debug_macro   0x000130c5      0x264 Application/User/main.o
 .debug_macro   0x00013329       0x2e Application/User/main.o
 .debug_macro   0x00013357      0x11e Application/User/main.o
 .debug_macro   0x00013475       0x85 Application/User/main.o
 .debug_macro   0x000134fa       0x89 Application/User/main.o
 .debug_macro   0x00013583      0x6d9 Application/User/main.o
 .debug_macro   0x00013c5c       0x5b Application/User/main.o
 .debug_macro   0x00013cb7      0x14d Application/User/main.o
 .debug_macro   0x00013e04      0x11e Application/User/main.o
 .debug_macro   0x00013f22      0x2fe Application/User/stm32f4xx_hal_msp.o
 .debug_macro   0x00014220      0x308 Application/User/stm32f4xx_it.o
 .debug_macro   0x00014528      0x304 Drivers/CMSIS/system_stm32f4xx.o
 .debug_macro   0x0001482c      0x35e Drivers/STM32F4xx_HAL_Driver/stm32f4xx_hal.o
 .debug_macro   0x00014b8a      0x2fe Drivers/STM32F4xx_HAL_Driver/stm32f4xx_hal_cortex.o
 .debug_macro   0x00014e88      0x336 Drivers/STM32F4xx_HAL_Driver/stm32f4xx_hal_gpio.o
 .debug_macro   0x000151be      0x328 Drivers/STM32F4xx_HAL_Driver/stm32f4xx_hal_rcc.o
 .debug_macro   0x000154e6      0x2ff Drivers/STM32F4xx_HAL_Driver/stm32f4xx_hal_tim.o
 .debug_macro   0x000157e5      0x2fe Drivers/STM32F4xx_HAL_Driver/stm32f4xx_hal_tim_ex.o

.debug_str      0x00000000    0x83c6f
 .debug_str     0x00000000    0x81e3c Application/User/main.o
                              0x8217d (size before relaxing)
 .debug_str     0x00081e3c       0xb7 Application/User/stm32f4xx_hal_msp.o
                              0x81ee6 (size before relaxing)
 .debug_str     0x00081ef3       0xf4 Application/User/stm32f4xx_it.o
                              0x81a6a (size before relaxing)
 .debug_str     0x00081fe7       0xf3 Drivers/CMSIS/system_stm32f4xx.o
                              0x81783 (size before relaxing)
 .debug_str     0x000820da      0x560 Drivers/STM32F4xx_HAL_Driver/stm32f4xx_hal.o
                              0x820d4 (size before relaxing)
 .debug_str     0x0008263a      0x307 Drivers/STM32F4xx_HAL_Driver/stm32f4xx_hal_cortex.o
                              0x81e67 (size before relaxing)
 .debug_str     0x00082941      0x24f Drivers/STM32F4xx_HAL_Driver/stm32f4xx_hal_gpio.o
                              0x819fb (size before relaxing)
 .debug_str     0x00082b90      0x234 Drivers/STM32F4xx_HAL_Driver/stm32f4xx_hal_rcc.o
                              0x81b8a (size before relaxing)
 .debug_str     0x00082dc4      0xa7c Drivers/STM32F4xx_HAL_Driver/stm32f4xx_hal_tim.o
                              0x824f7 (size before relaxing)
 .debug_str     0x00083840      0x42f Drivers/STM32F4xx_HAL_Driver/stm32f4xx_hal_tim_ex.o
                              0x81f46 (size before relaxing)

.comment        0x00000000       0x6e
 .comment       0x00000000       0x6e Application/User/main.o
                                 0x6f (size before relaxing)
 .comment       0x0000006e       0x6f Application/User/stm32f4xx_hal_msp.o
 .comment       0x0000006e       0x6f Application/User/stm32f4xx_it.o
 .comment       0x0000006e       0x6f Drivers/CMSIS/system_stm32f4xx.o
 .comment       0x0000006e       0x6f Drivers/STM32F4xx_HAL_Driver/stm32f4xx_hal.o
 .comment       0x0000006e       0x6f Drivers/STM32F4xx_HAL_Driver/stm32f4xx_hal_cortex.o
 .comment       0x0000006e       0x6f Drivers/STM32F4xx_HAL_Driver/stm32f4xx_hal_gpio.o
 .comment       0x0000006e       0x6f Drivers/STM32F4xx_HAL_Driver/stm32f4xx_hal_rcc.o
 .comment       0x0000006e       0x6f Drivers/STM32F4xx_HAL_Driver/stm32f4xx_hal_tim.o
 .comment       0x0000006e       0x6f Drivers/STM32F4xx_HAL_Driver/stm32f4xx_hal_tim_ex.o

.debug_frame    0x00000000     0x121c
 .debug_frame   0x00000000       0x68 Application/User/main.o
 .debug_frame   0x00000068       0x54 Application/User/stm32f4xx_hal_msp.o
 .debug_frame   0x000000bc       0xbc Application/User/stm32f4xx_it.o
 .debug_frame   0x00000178       0x30 Drivers/CMSIS/system_stm32f4xx.o
 .debug_frame   0x000001a8      0x184 Drivers/STM32F4xx_HAL_Driver/stm32f4xx_hal.o
 .debug_frame   0x0000032c      0x130 Drivers/STM32F4xx_HAL_Driver/stm32f4xx_hal_cortex.o
 .debug_frame   0x0000045c       0xd4 Drivers/STM32F4xx_HAL_Driver/stm32f4xx_hal_gpio.o
 .debug_frame   0x00000530      0x138 Drivers/STM32F4xx_HAL_Driver/stm32f4xx_hal_rcc.o
 .debug_frame   0x00000668      0x854 Drivers/STM32F4xx_HAL_Driver/stm32f4xx_hal_tim.o
 .debug_frame   0x00000ebc      0x334 Drivers/STM32F4xx_HAL_Driver/stm32f4xx_hal_tim_ex.o
 .debug_frame   0x000011f0       0x2c d:/programs/eclipse_c/plugins/fr.ac6.mcu.externaltools.arm-none.win32_1.12.0.201611241417/tools/compiler/bin/../lib/gcc/arm-none-eabi/5.4.1/../../../../arm-none-eabi/lib/armv7e-m/fpu\libc_nano.a(lib_a-init.o)
