Archive member included to satisfy reference by file (symbol)

d:/programs/eclipse_c/plugins/fr.ac6.mcu.externaltools.arm-none.win32_1.12.0.201611241417/tools/compiler/bin/../lib/gcc/arm-none-eabi/5.4.1/../../../../arm-none-eabi/lib/armv7e-m/fpu\libc_nano.a(lib_a-exit.o)
                              d:/programs/eclipse_c/plugins/fr.ac6.mcu.externaltools.arm-none.win32_1.12.0.201611241417/tools/compiler/bin/../lib/gcc/arm-none-eabi/5.4.1/../../../../arm-none-eabi/lib/armv7e-m/fpu/crt0.o (exit)
d:/programs/eclipse_c/plugins/fr.ac6.mcu.externaltools.arm-none.win32_1.12.0.201611241417/tools/compiler/bin/../lib/gcc/arm-none-eabi/5.4.1/../../../../arm-none-eabi/lib/armv7e-m/fpu\libc_nano.a(lib_a-impure.o)
                              d:/programs/eclipse_c/plugins/fr.ac6.mcu.externaltools.arm-none.win32_1.12.0.201611241417/tools/compiler/bin/../lib/gcc/arm-none-eabi/5.4.1/../../../../arm-none-eabi/lib/armv7e-m/fpu\libc_nano.a(lib_a-exit.o) (_global_impure_ptr)
d:/programs/eclipse_c/plugins/fr.ac6.mcu.externaltools.arm-none.win32_1.12.0.201611241417/tools/compiler/bin/../lib/gcc/arm-none-eabi/5.4.1/../../../../arm-none-eabi/lib/armv7e-m/fpu\libc_nano.a(lib_a-init.o)
                              d:/programs/eclipse_c/plugins/fr.ac6.mcu.externaltools.arm-none.win32_1.12.0.201611241417/tools/compiler/bin/../lib/gcc/arm-none-eabi/5.4.1/../../../../arm-none-eabi/lib/armv7e-m/fpu/crt0.o (__libc_init_array)
d:/programs/eclipse_c/plugins/fr.ac6.mcu.externaltools.arm-none.win32_1.12.0.201611241417/tools/compiler/bin/../lib/gcc/arm-none-eabi/5.4.1/../../../../arm-none-eabi/lib/armv7e-m/fpu\libc_nano.a(lib_a-memset.o)
                              d:/programs/eclipse_c/plugins/fr.ac6.mcu.externaltools.arm-none.win32_1.12.0.201611241417/tools/compiler/bin/../lib/gcc/arm-none-eabi/5.4.1/../../../../arm-none-eabi/lib/armv7e-m/fpu/crt0.o (memset)
d:/programs/eclipse_c/plugins/fr.ac6.mcu.externaltools.arm-none.win32_1.12.0.201611241417/tools/compiler/bin/../lib/gcc/arm-none-eabi/5.4.1/../../../../arm-none-eabi/lib/armv7e-m/fpu\libnosys.a(_exit.o)
                              d:/programs/eclipse_c/plugins/fr.ac6.mcu.externaltools.arm-none.win32_1.12.0.201611241417/tools/compiler/bin/../lib/gcc/arm-none-eabi/5.4.1/../../../../arm-none-eabi/lib/armv7e-m/fpu\libc_nano.a(lib_a-exit.o) (_exit)

Allocating common symbols
Common symbol       size              file

uwTick              0x4               Drivers/STM32F4xx_HAL_Driver/stm32f4xx_hal.o
pFlash              0x20              Drivers/STM32F4xx_HAL_Driver/stm32f4xx_hal_flash.o
hadc1               0x48              Application/User/main.o
ADCRead             0x6               Application/User/main.o
hdma_adc1           0x60              Application/User/main.o

Discarded input sections

 .text          0x00000000        0x0 d:/programs/eclipse_c/plugins/fr.ac6.mcu.externaltools.arm-none.win32_1.12.0.201611241417/tools/compiler/bin/../lib/gcc/arm-none-eabi/5.4.1/armv7e-m/fpu/crti.o
 .data          0x00000000        0x0 d:/programs/eclipse_c/plugins/fr.ac6.mcu.externaltools.arm-none.win32_1.12.0.201611241417/tools/compiler/bin/../lib/gcc/arm-none-eabi/5.4.1/armv7e-m/fpu/crti.o
 .bss           0x00000000        0x0 d:/programs/eclipse_c/plugins/fr.ac6.mcu.externaltools.arm-none.win32_1.12.0.201611241417/tools/compiler/bin/../lib/gcc/arm-none-eabi/5.4.1/armv7e-m/fpu/crti.o
 .data          0x00000000        0x4 d:/programs/eclipse_c/plugins/fr.ac6.mcu.externaltools.arm-none.win32_1.12.0.201611241417/tools/compiler/bin/../lib/gcc/arm-none-eabi/5.4.1/armv7e-m/fpu/crtbegin.o
 .text          0x00000000       0x74 d:/programs/eclipse_c/plugins/fr.ac6.mcu.externaltools.arm-none.win32_1.12.0.201611241417/tools/compiler/bin/../lib/gcc/arm-none-eabi/5.4.1/../../../../arm-none-eabi/lib/armv7e-m/fpu/crt0.o
 .data          0x00000000        0x0 d:/programs/eclipse_c/plugins/fr.ac6.mcu.externaltools.arm-none.win32_1.12.0.201611241417/tools/compiler/bin/../lib/gcc/arm-none-eabi/5.4.1/../../../../arm-none-eabi/lib/armv7e-m/fpu/crt0.o
 .bss           0x00000000        0x0 d:/programs/eclipse_c/plugins/fr.ac6.mcu.externaltools.arm-none.win32_1.12.0.201611241417/tools/compiler/bin/../lib/gcc/arm-none-eabi/5.4.1/../../../../arm-none-eabi/lib/armv7e-m/fpu/crt0.o
 .ARM.extab     0x00000000        0x0 d:/programs/eclipse_c/plugins/fr.ac6.mcu.externaltools.arm-none.win32_1.12.0.201611241417/tools/compiler/bin/../lib/gcc/arm-none-eabi/5.4.1/../../../../arm-none-eabi/lib/armv7e-m/fpu/crt0.o
 .ARM.exidx     0x00000000        0x8 d:/programs/eclipse_c/plugins/fr.ac6.mcu.externaltools.arm-none.win32_1.12.0.201611241417/tools/compiler/bin/../lib/gcc/arm-none-eabi/5.4.1/../../../../arm-none-eabi/lib/armv7e-m/fpu/crt0.o
 .ARM.attributes
                0x00000000       0x20 d:/programs/eclipse_c/plugins/fr.ac6.mcu.externaltools.arm-none.win32_1.12.0.201611241417/tools/compiler/bin/../lib/gcc/arm-none-eabi/5.4.1/../../../../arm-none-eabi/lib/armv7e-m/fpu/crt0.o
[...]
Memory Configuration

Name             Origin             Length             Attributes
RAM              0x20000000         0x00020000         xrw
FLASH            0x08000000         0x00080000         xr
*default*        0x00000000         0xffffffff

Linker script and memory map

LOAD d:/programs/eclipse_c/plugins/fr.ac6.mcu.externaltools.arm-none.win32_1.12.0.201611241417/tools/compiler/bin/../lib/gcc/arm-none-eabi/5.4.1/armv7e-m/fpu/crti.o
LOAD d:/programs/eclipse_c/plugins/fr.ac6.mcu.externaltools.arm-none.win32_1.12.0.201611241417/tools/compiler/bin/../lib/gcc/arm-none-eabi/5.4.1/armv7e-m/fpu/crtbegin.o
LOAD d:/programs/eclipse_c/plugins/fr.ac6.mcu.externaltools.arm-none.win32_1.12.0.201611241417/tools/compiler/bin/../lib/gcc/arm-none-eabi/5.4.1/../../../../arm-none-eabi/lib/armv7e-m/fpu/crt0.o
LOAD d:/programs/eclipse_c/plugins/fr.ac6.mcu.externaltools.arm-none.win32_1.12.0.201611241417/tools/compiler/bin/../lib/gcc/arm-none-eabi/5.4.1/../../../../arm-none-eabi/lib/armv7e-m/fpu\libm.a
LOAD Application/SW4STM32/startup_stm32f411xe.o
LOAD Application/User/main.o
LOAD Application/User/stm32f4xx_hal_msp.o
LOAD Application/User/stm32f4xx_it.o
LOAD Drivers/CMSIS/system_stm32f4xx.o
LOAD Drivers/STM32F4xx_HAL_Driver/stm32f4xx_hal.o
LOAD Drivers/STM32F4xx_HAL_Driver/stm32f4xx_hal_adc.o
LOAD Drivers/STM32F4xx_HAL_Driver/stm32f4xx_hal_adc_ex.o
LOAD Drivers/STM32F4xx_HAL_Driver/stm32f4xx_hal_cortex.o
LOAD Drivers/STM32F4xx_HAL_Driver/stm32f4xx_hal_dma.o
LOAD Drivers/STM32F4xx_HAL_Driver/stm32f4xx_hal_dma_ex.o
LOAD Drivers/STM32F4xx_HAL_Driver/stm32f4xx_hal_flash.o
LOAD Drivers/STM32F4xx_HAL_Driver/stm32f4xx_hal_flash_ex.o
LOAD Drivers/STM32F4xx_HAL_Driver/stm32f4xx_hal_flash_ramfunc.o
LOAD Drivers/STM32F4xx_HAL_Driver/stm32f4xx_hal_gpio.o
LOAD Drivers/STM32F4xx_HAL_Driver/stm32f4xx_hal_pwr.o
LOAD Drivers/STM32F4xx_HAL_Driver/stm32f4xx_hal_pwr_ex.o
LOAD Drivers/STM32F4xx_HAL_Driver/stm32f4xx_hal_rcc.o
LOAD Drivers/STM32F4xx_HAL_Driver/stm32f4xx_hal_rcc_ex.o
LOAD Drivers/STM32F4xx_HAL_Driver/stm32f4xx_hal_tim.o
LOAD Drivers/STM32F4xx_HAL_Driver/stm32f4xx_hal_tim_ex.o
START GROUP
LOAD d:/programs/eclipse_c/plugins/fr.ac6.mcu.externaltools.arm-none.win32_1.12.0.201611241417/tools/compiler/bin/../lib/gcc/arm-none-eabi/5.4.1/armv7e-m/fpu\libgcc.a
LOAD d:/programs/eclipse_c/plugins/fr.ac6.mcu.externaltools.arm-none.win32_1.12.0.201611241417/tools/compiler/bin/../lib/gcc/arm-none-eabi/5.4.1/../../../../arm-none-eabi/lib/armv7e-m/fpu\libc_nano.a
END GROUP
START GROUP
LOAD d:/programs/eclipse_c/plugins/fr.ac6.mcu.externaltools.arm-none.win32_1.12.0.201611241417/tools/compiler/bin/../lib/gcc/arm-none-eabi/5.4.1/armv7e-m/fpu\libgcc.a
LOAD d:/programs/eclipse_c/plugins/fr.ac6.mcu.externaltools.arm-none.win32_1.12.0.201611241417/tools/compiler/bin/../lib/gcc/arm-none-eabi/5.4.1/../../../../arm-none-eabi/lib/armv7e-m/fpu\libc_nano.a
LOAD d:/programs/eclipse_c/plugins/fr.ac6.mcu.externaltools.arm-none.win32_1.12.0.201611241417/tools/compiler/bin/../lib/gcc/arm-none-eabi/5.4.1/../../../../arm-none-eabi/lib/armv7e-m/fpu\libnosys.a
END GROUP
START GROUP
LOAD d:/programs/eclipse_c/plugins/fr.ac6.mcu.externaltools.arm-none.win32_1.12.0.201611241417/tools/compiler/bin/../lib/gcc/arm-none-eabi/5.4.1/armv7e-m/fpu\libgcc.a
LOAD d:/programs/eclipse_c/plugins/fr.ac6.mcu.externaltools.arm-none.win32_1.12.0.201611241417/tools/compiler/bin/../lib/gcc/arm-none-eabi/5.4.1/../../../../arm-none-eabi/lib/armv7e-m/fpu\libc_nano.a
LOAD d:/programs/eclipse_c/plugins/fr.ac6.mcu.externaltools.arm-none.win32_1.12.0.201611241417/tools/compiler/bin/../lib/gcc/arm-none-eabi/5.4.1/../../../../arm-none-eabi/lib/armv7e-m/fpu\libnosys.a
END GROUP
LOAD d:/programs/eclipse_c/plugins/fr.ac6.mcu.externaltools.arm-none.win32_1.12.0.201611241417/tools/compiler/bin/../lib/gcc/arm-none-eabi/5.4.1/armv7e-m/fpu/crtend.o
LOAD d:/programs/eclipse_c/plugins/fr.ac6.mcu.externaltools.arm-none.win32_1.12.0.201611241417/tools/compiler/bin/../lib/gcc/arm-none-eabi/5.4.1/armv7e-m/fpu/crtn.o
                0x20020000                _estack = 0x20020000
                0x00000200                _Min_Heap_Size = 0x200
                0x00000400                _Min_Stack_Size = 0x400

.isr_vector     0x08000000      0x198
                0x08000000                . = ALIGN (0x4)
 *(.isr_vector)
 .isr_vector    0x08000000      0x198 Application/SW4STM32/startup_stm32f411xe.o
                0x08000000                g_pfnVectors
                0x08000198                . = ALIGN (0x4)

.text           0x08000198     0x1584
                0x08000198                . = ALIGN (0x4)
 *(.text)
 .text          0x08000198       0x5c d:/programs/eclipse_c/plugins/fr.ac6.mcu.externaltools.arm-none.win32_1.12.0.201611241417/tools/compiler/bin/../lib/gcc/arm-none-eabi/5.4.1/armv7e-m/fpu/crtbegin.o
 *(.text*)
 .text.Reset_Handler
                0x080001f4       0x50 Application/SW4STM32/startup_stm32f411xe.o
                0x080001f4                Reset_Handler
 .text.Default_Handler
                0x08000244        0x2 Application/SW4STM32/startup_stm32f411xe.o
                0x08000244                RTC_Alarm_IRQHandler
                0x08000244                EXTI2_IRQHandler
                0x08000244                SPI4_IRQHandler
                0x08000244                TIM1_CC_IRQHandler
                0x08000244                DMA2_Stream5_IRQHandler
                0x08000244                DMA1_Stream5_IRQHandler
                0x08000244                PVD_IRQHandler
                0x08000244                SDIO_IRQHandler
                0x08000244                TAMP_STAMP_IRQHandler
                0x08000244                TIM1_UP_TIM10_IRQHandler
                0x08000244                I2C3_ER_IRQHandler
                0x08000244                I2C2_EV_IRQHandler
                0x08000244                DMA1_Stream2_IRQHandler
                0x08000244                FPU_IRQHandler
                0x08000244                DMA2_Stream2_IRQHandler
                0x08000244                SPI1_IRQHandler
                0x08000244                TIM1_BRK_TIM9_IRQHandler
                0x08000244                DMA2_Stream3_IRQHandler
                0x08000244                USART6_IRQHandler
                0x08000244                TIM4_IRQHandler
                0x08000244                I2C1_EV_IRQHandler
                0x08000244                DMA1_Stream6_IRQHandler
                0x08000244                DMA1_Stream1_IRQHandler
                0x08000244                TIM3_IRQHandler
                0x08000244                RCC_IRQHandler
                0x08000244                Default_Handler
                0x08000244                EXTI15_10_IRQHandler
                0x08000244                ADC_IRQHandler
                0x08000244                DMA1_Stream7_IRQHandler
                0x08000244                SPI5_IRQHandler
                0x08000244                TIM5_IRQHandler
                0x08000244                DMA2_Stream7_IRQHandler
                0x08000244                I2C3_EV_IRQHandler
                0x08000244                EXTI9_5_IRQHandler
                0x08000244                RTC_WKUP_IRQHandler
                0x08000244                SPI2_IRQHandler
                0x08000244                DMA1_Stream0_IRQHandler
                0x08000244                EXTI4_IRQHandler
                0x08000244                WWDG_IRQHandler
                0x08000244                TIM2_IRQHandler
                0x08000244                OTG_FS_WKUP_IRQHandler
                0x08000244                TIM1_TRG_COM_TIM11_IRQHandler
                0x08000244                EXTI1_IRQHandler
                0x08000244                USART2_IRQHandler
                0x08000244                I2C2_ER_IRQHandler
                0x08000244                DMA2_Stream1_IRQHandler
                0x08000244                FLASH_IRQHandler
                0x08000244                DMA2_Stream4_IRQHandler
                0x08000244                USART1_IRQHandler
                0x08000244                OTG_FS_IRQHandler
                0x08000244                SPI3_IRQHandler
                0x08000244                DMA1_Stream4_IRQHandler
                0x08000244                I2C1_ER_IRQHandler
                0x08000244                DMA2_Stream6_IRQHandler
                0x08000244                DMA1_Stream3_IRQHandler
 *fill*         0x08000246        0x2 
 .text.HAL_GPIO_EXTI_Callback
                0x08000248       0x2c Application/User/main.o
                0x08000248                HAL_GPIO_EXTI_Callback
 .text.SystemClock_Config
                0x08000274       0x94 Application/User/main.o
                0x08000274                SystemClock_Config
 .text.startup.main
                0x08000308      0x2cc Application/User/main.o
                0x08000308                main
 .text.Error_Handler
                0x080005d4        0x2 Application/User/main.o
                0x080005d4                Error_Handler
 .text.HAL_MspInit
                0x080005d6       0x60 Application/User/stm32f4xx_hal_msp.o
                0x080005d6                HAL_MspInit
 *fill*         0x08000636        0x2 
 .text.HAL_ADC_MspInit
                0x08000638       0x88 Application/User/stm32f4xx_hal_msp.o
                0x08000638                HAL_ADC_MspInit
 .text.NMI_Handler
                0x080006c0        0x2 Application/User/stm32f4xx_it.o
                0x080006c0                NMI_Handler
 .text.HardFault_Handler
                0x080006c2        0x2 Application/User/stm32f4xx_it.o
                0x080006c2                HardFault_Handler
 .text.MemManage_Handler
                0x080006c4        0x2 Application/User/stm32f4xx_it.o
                0x080006c4                MemManage_Handler
 .text.BusFault_Handler
                0x080006c6        0x2 Application/User/stm32f4xx_it.o
                0x080006c6                BusFault_Handler
 .text.UsageFault_Handler
                0x080006c8        0x2 Application/User/stm32f4xx_it.o
                0x080006c8                UsageFault_Handler
 .text.SVC_Handler
                0x080006ca        0x2 Application/User/stm32f4xx_it.o
                0x080006ca                SVC_Handler
 .text.DebugMon_Handler
                0x080006cc        0x2 Application/User/stm32f4xx_it.o
                0x080006cc                DebugMon_Handler
 .text.PendSV_Handler
                0x080006ce        0x2 Application/User/stm32f4xx_it.o
                0x080006ce                PendSV_Handler
 .text.SysTick_Handler
                0x080006d0        0xe Application/User/stm32f4xx_it.o
                0x080006d0                SysTick_Handler
 .text.EXTI0_IRQHandler
                0x080006de        0x6 Application/User/stm32f4xx_it.o
                0x080006de                EXTI0_IRQHandler
 .text.EXTI3_IRQHandler
                0x080006e4        0x6 Application/User/stm32f4xx_it.o
                0x080006e4                EXTI3_IRQHandler
 *fill*         0x080006ea        0x2 
 .text.DMA2_Stream0_IRQHandler
                0x080006ec        0xc Application/User/stm32f4xx_it.o
                0x080006ec                DMA2_Stream0_IRQHandler
 .text.SystemInit
                0x080006f8       0x4c Drivers/CMSIS/system_stm32f4xx.o
                0x080006f8                SystemInit
 .text.HAL_InitTick
                0x08000744       0x28 Drivers/STM32F4xx_HAL_Driver/stm32f4xx_hal.o
                0x08000744                HAL_InitTick
 .text.HAL_Init
                0x0800076c       0x34 Drivers/STM32F4xx_HAL_Driver/stm32f4xx_hal.o
                0x0800076c                HAL_Init
 .text.HAL_IncTick
                0x080007a0       0x10 Drivers/STM32F4xx_HAL_Driver/stm32f4xx_hal.o
                0x080007a0                HAL_IncTick
 .text.HAL_GetTick
                0x080007b0        0xc Drivers/STM32F4xx_HAL_Driver/stm32f4xx_hal.o
                0x080007b0                HAL_GetTick
 .text.HAL_Delay
                0x080007bc       0x1a Drivers/STM32F4xx_HAL_Driver/stm32f4xx_hal.o
                0x080007bc                HAL_Delay
 *fill*         0x080007d6        0x2 
 .text.HAL_ADC_Init
                0x080007d8      0x154 Drivers/STM32F4xx_HAL_Driver/stm32f4xx_hal_adc.o
                0x080007d8                HAL_ADC_Init
 .text.HAL_ADC_Start_DMA
                0x0800092c      0x100 Drivers/STM32F4xx_HAL_Driver/stm32f4xx_hal_adc.o
                0x0800092c                HAL_ADC_Start_DMA
 .text.HAL_ADC_ConvCpltCallback
                0x08000a2c        0x2 Drivers/STM32F4xx_HAL_Driver/stm32f4xx_hal_adc.o
                0x08000a2c                HAL_ADC_ConvCpltCallback
 .text.ADC_DMAConvCplt
                0x08000a2e       0x60 Drivers/STM32F4xx_HAL_Driver/stm32f4xx_hal_adc.o
 .text.HAL_ADC_ConvHalfCpltCallback
                0x08000a8e        0x2 Drivers/STM32F4xx_HAL_Driver/stm32f4xx_hal_adc.o
                0x08000a8e                HAL_ADC_ConvHalfCpltCallback
 .text.ADC_DMAHalfConvCplt
                0x08000a90        0xa Drivers/STM32F4xx_HAL_Driver/stm32f4xx_hal_adc.o
 .text.HAL_ADC_ErrorCallback
                0x08000a9a        0x2 Drivers/STM32F4xx_HAL_Driver/stm32f4xx_hal_adc.o
                0x08000a9a                HAL_ADC_ErrorCallback
 .text.ADC_DMAError
                0x08000a9c       0x16 Drivers/STM32F4xx_HAL_Driver/stm32f4xx_hal_adc.o
 *fill*         0x08000ab2        0x2 
 .text.HAL_ADC_ConfigChannel
                0x08000ab4      0x134 Drivers/STM32F4xx_HAL_Driver/stm32f4xx_hal_adc.o
                0x08000ab4                HAL_ADC_ConfigChannel
 .text.HAL_NVIC_SetPriorityGrouping
                0x08000be8       0x24 Drivers/STM32F4xx_HAL_Driver/stm32f4xx_hal_cortex.o
                0x08000be8                HAL_NVIC_SetPriorityGrouping
 .text.HAL_NVIC_SetPriority
                0x08000c0c       0x68 Drivers/STM32F4xx_HAL_Driver/stm32f4xx_hal_cortex.o
                0x08000c0c                HAL_NVIC_SetPriority
 .text.HAL_NVIC_EnableIRQ
                0x08000c74       0x18 Drivers/STM32F4xx_HAL_Driver/stm32f4xx_hal_cortex.o
                0x08000c74                HAL_NVIC_EnableIRQ
 .text.HAL_SYSTICK_Config
                0x08000c8c       0x2c Drivers/STM32F4xx_HAL_Driver/stm32f4xx_hal_cortex.o
                0x08000c8c                HAL_SYSTICK_Config
 .text.HAL_SYSTICK_CLKSourceConfig
                0x08000cb8       0x18 Drivers/STM32F4xx_HAL_Driver/stm32f4xx_hal_cortex.o
                0x08000cb8                HAL_SYSTICK_CLKSourceConfig
 .text.HAL_SYSTICK_Callback
                0x08000cd0        0x2 Drivers/STM32F4xx_HAL_Driver/stm32f4xx_hal_cortex.o
                0x08000cd0                HAL_SYSTICK_Callback
 .text.HAL_SYSTICK_IRQHandler
                0x08000cd2        0x8 Drivers/STM32F4xx_HAL_Driver/stm32f4xx_hal_cortex.o
                0x08000cd2                HAL_SYSTICK_IRQHandler
 *fill*         0x08000cda        0x2 
 .text.DMA_CalcBaseAndBitshift
                0x08000cdc       0x2c Drivers/STM32F4xx_HAL_Driver/stm32f4xx_hal_dma.o
 .text.HAL_DMA_Init
                0x08000d08       0xec Drivers/STM32F4xx_HAL_Driver/stm32f4xx_hal_dma.o
                0x08000d08                HAL_DMA_Init
 .text.HAL_DMA_Start_IT
                0x08000df4       0x80 Drivers/STM32F4xx_HAL_Driver/stm32f4xx_hal_dma.o
                0x08000df4                HAL_DMA_Start_IT
 .text.HAL_DMA_IRQHandler
                0x08000e74      0x17c Drivers/STM32F4xx_HAL_Driver/stm32f4xx_hal_dma.o
                0x08000e74                HAL_DMA_IRQHandler
 .text.HAL_GPIO_Init
                0x08000ff0      0x19c Drivers/STM32F4xx_HAL_Driver/stm32f4xx_hal_gpio.o
                0x08000ff0                HAL_GPIO_Init
 .text.HAL_GPIO_WritePin
                0x0800118c        0x8 Drivers/STM32F4xx_HAL_Driver/stm32f4xx_hal_gpio.o
                0x0800118c                HAL_GPIO_WritePin
 .text.HAL_GPIO_EXTI_IRQHandler
                0x08001194       0x18 Drivers/STM32F4xx_HAL_Driver/stm32f4xx_hal_gpio.o
                0x08001194                HAL_GPIO_EXTI_IRQHandler
 .text.HAL_RCC_OscConfig
                0x080011ac      0x31c Drivers/STM32F4xx_HAL_Driver/stm32f4xx_hal_rcc.o
                0x080011ac                HAL_RCC_OscConfig
 .text.HAL_RCC_GetSysClockFreq
                0x080014c8       0x7c Drivers/STM32F4xx_HAL_Driver/stm32f4xx_hal_rcc.o
                0x080014c8                HAL_RCC_GetSysClockFreq
 .text.HAL_RCC_ClockConfig
                0x08001544      0x168 Drivers/STM32F4xx_HAL_Driver/stm32f4xx_hal_rcc.o
                0x08001544                HAL_RCC_ClockConfig
 .text.HAL_RCC_GetHCLKFreq
                0x080016ac        0xc Drivers/STM32F4xx_HAL_Driver/stm32f4xx_hal_rcc.o
                0x080016ac                HAL_RCC_GetHCLKFreq
 .text.__libc_init_array
                0x080016b8       0x4c d:/programs/eclipse_c/plugins/fr.ac6.mcu.externaltools.arm-none.win32_1.12.0.201611241417/tools/compiler/bin/../lib/gcc/arm-none-eabi/5.4.1/../../../../arm-none-eabi/lib/armv7e-m/fpu\libc_nano.a(lib_a-init.o)
                0x080016b8                __libc_init_array
 *(.glue_7)
 .glue_7        0x08001704        0x0 linker stubs
 *(.glue_7t)
 .glue_7t       0x08001704        0x0 linker stubs
 *(.eh_frame)
 .eh_frame      0x08001704        0x0 d:/programs/eclipse_c/plugins/fr.ac6.mcu.externaltools.arm-none.win32_1.12.0.201611241417/tools/compiler/bin/../lib/gcc/arm-none-eabi/5.4.1/armv7e-m/fpu/crtbegin.o
 *(.init)
 .init          0x08001704        0x4 d:/programs/eclipse_c/plugins/fr.ac6.mcu.externaltools.arm-none.win32_1.12.0.201611241417/tools/compiler/bin/../lib/gcc/arm-none-eabi/5.4.1/armv7e-m/fpu/crti.o
                0x08001704                _init
 .init          0x08001708        0x8 d:/programs/eclipse_c/plugins/fr.ac6.mcu.externaltools.arm-none.win32_1.12.0.201611241417/tools/compiler/bin/../lib/gcc/arm-none-eabi/5.4.1/armv7e-m/fpu/crtn.o
 *(.fini)
 .fini          0x08001710        0x4 d:/programs/eclipse_c/plugins/fr.ac6.mcu.externaltools.arm-none.win32_1.12.0.201611241417/tools/compiler/bin/../lib/gcc/arm-none-eabi/5.4.1/armv7e-m/fpu/crti.o
                0x08001710                _fini
 .fini          0x08001714        0x8 d:/programs/eclipse_c/plugins/fr.ac6.mcu.externaltools.arm-none.win32_1.12.0.201611241417/tools/compiler/bin/../lib/gcc/arm-none-eabi/5.4.1/armv7e-m/fpu/crtn.o
                0x0800171c                . = ALIGN (0x4)
                0x0800171c                _etext = .

.vfp11_veneer   0x0800171c        0x0
 .vfp11_veneer  0x0800171c        0x0 linker stubs

.v4_bx          0x0800171c        0x0
 .v4_bx         0x0800171c        0x0 linker stubs

.iplt           0x0800171c        0x0
 .iplt          0x0800171c        0x0 d:/programs/eclipse_c/plugins/fr.ac6.mcu.externaltools.arm-none.win32_1.12.0.201611241417/tools/compiler/bin/../lib/gcc/arm-none-eabi/5.4.1/armv7e-m/fpu/crtbegin.o

.rodata         0x0800171c       0x18
                0x0800171c                . = ALIGN (0x4)
 *(.rodata)
 .rodata        0x0800171c        0x8 Drivers/STM32F4xx_HAL_Driver/stm32f4xx_hal_dma.o
 .rodata        0x08001724       0x10 Drivers/STM32F4xx_HAL_Driver/stm32f4xx_hal_rcc.o
                0x08001724                APBAHBPrescTable
 *(.rodata*)
                0x08001734                . = ALIGN (0x4)

.rel.dyn        0x08001734        0x0
 .rel.iplt      0x08001734        0x0 d:/programs/eclipse_c/plugins/fr.ac6.mcu.externaltools.arm-none.win32_1.12.0.201611241417/tools/compiler/bin/../lib/gcc/arm-none-eabi/5.4.1/armv7e-m/fpu/crtbegin.o

.ARM.extab
 *(.ARM.extab* .gnu.linkonce.armextab.*)

.ARM            0x08001734        0x0
                0x08001734                __exidx_start = .
 *(.ARM.exidx*)
                0x08001734                __exidx_end = .

.preinit_array  0x08001734        0x0
                0x08001734                PROVIDE (__preinit_array_start, .)
 *(.preinit_array*)
                0x08001734                PROVIDE (__preinit_array_end, .)

.init_array     0x08001734        0x4
                0x08001734                PROVIDE (__init_array_start, .)
 *(SORT(.init_array.*))
 *(.init_array*)
 .init_array    0x08001734        0x4 d:/programs/eclipse_c/plugins/fr.ac6.mcu.externaltools.arm-none.win32_1.12.0.201611241417/tools/compiler/bin/../lib/gcc/arm-none-eabi/5.4.1/armv7e-m/fpu/crtbegin.o
                0x08001738                PROVIDE (__init_array_end, .)

.fini_array     0x08001738        0x4
                [!provide]                PROVIDE (__fini_array_start, .)
 *(SORT(.fini_array.*))
 *(.fini_array*)
 .fini_array    0x08001738        0x4 d:/programs/eclipse_c/plugins/fr.ac6.mcu.externaltools.arm-none.win32_1.12.0.201611241417/tools/compiler/bin/../lib/gcc/arm-none-eabi/5.4.1/armv7e-m/fpu/crtbegin.o
                [!provide]                PROVIDE (__fini_array_end, .)
                0x0800173c                _sidata = LOADADDR (.data)

.data           0x20000000        0x4 load address 0x0800173c
                0x20000000                . = ALIGN (0x4)
                0x20000000                _sdata = .
 *(.data)
 .data          0x20000000        0x4 Drivers/CMSIS/system_stm32f4xx.o
                0x20000000                SystemCoreClock
 *(.data*)
                0x20000004                . = ALIGN (0x4)
                0x20000004                _edata = .

.jcr            0x20000004        0x0 load address 0x08001740
 .jcr           0x20000004        0x0 d:/programs/eclipse_c/plugins/fr.ac6.mcu.externaltools.arm-none.win32_1.12.0.201611241417/tools/compiler/bin/../lib/gcc/arm-none-eabi/5.4.1/armv7e-m/fpu/crtbegin.o

.igot.plt       0x20000004        0x0 load address 0x08001740
 .igot.plt      0x20000004        0x0 d:/programs/eclipse_c/plugins/fr.ac6.mcu.externaltools.arm-none.win32_1.12.0.201611241417/tools/compiler/bin/../lib/gcc/arm-none-eabi/5.4.1/armv7e-m/fpu/crtbegin.o
                0x20000004                . = ALIGN (0x4)

.bss            0x20000004       0xd4 load address 0x08001740
                0x20000004                _sbss = .
                0x20000004                __bss_start__ = _sbss
 *(.bss)
 .bss           0x20000004       0x1c d:/programs/eclipse_c/plugins/fr.ac6.mcu.externaltools.arm-none.win32_1.12.0.201611241417/tools/compiler/bin/../lib/gcc/arm-none-eabi/5.4.1/armv7e-m/fpu/crtbegin.o
 .bss           0x20000020        0x3 Application/User/main.o
                0x20000020                Mode_inverse
                0x20000021                Alarm
                0x20000022                AlarmReset
 *(.bss*)
 *(COMMON)
 *fill*         0x20000023        0x1 
 COMMON         0x20000024       0xb0 Application/User/main.o
                0x20000024                hadc1
                0x2000006c                ADCRead
                0x20000074                hdma_adc1
 COMMON         0x200000d4        0x4 Drivers/STM32F4xx_HAL_Driver/stm32f4xx_hal.o
                0x200000d4                uwTick
                0x200000d8                . = ALIGN (0x4)
                0x200000d8                _ebss = .
                0x200000d8                __bss_end__ = _ebss

._user_heap_stack
                0x200000d8      0x600 load address 0x08001740
                0x200000d8                . = ALIGN (0x8)
                [!provide]                PROVIDE (end, .)
                [!provide]                PROVIDE (_end, .)
                0x200002d8                . = (. + _Min_Heap_Size)
 *fill*         0x200000d8      0x200 
                0x200006d8                . = (. + _Min_Stack_Size)
 *fill*         0x200002d8      0x400 
                0x200006d8                . = ALIGN (0x8)

/DISCARD/
 libc.a(*)
 libm.a(*)
 libgcc.a(*)

.ARM.attributes
                0x00000000       0x30
 *(.ARM.attributes)
 .ARM.attributes
                0x00000000       0x22 d:/programs/eclipse_c/plugins/fr.ac6.mcu.externaltools.arm-none.win32_1.12.0.201611241417/tools/compiler/bin/../lib/gcc/arm-none-eabi/5.4.1/armv7e-m/fpu/crti.o
 .ARM.attributes
                0x00000022       0x34 d:/programs/eclipse_c/plugins/fr.ac6.mcu.externaltools.arm-none.win32_1.12.0.201611241417/tools/compiler/bin/../lib/gcc/arm-none-eabi/5.4.1/armv7e-m/fpu/crtbegin.o
 .ARM.attributes
                0x00000056       0x21 Application/SW4STM32/startup_stm32f411xe.o
 .ARM.attributes
                0x00000077       0x39 Application/User/main.o
 .ARM.attributes
                0x000000b0       0x39 Application/User/stm32f4xx_hal_msp.o
 .ARM.attributes
                0x000000e9       0x39 Application/User/stm32f4xx_it.o
 .ARM.attributes
                0x00000122       0x39 Drivers/CMSIS/system_stm32f4xx.o
 .ARM.attributes
                0x0000015b       0x39 Drivers/STM32F4xx_HAL_Driver/stm32f4xx_hal.o
 .ARM.attributes
                0x00000194       0x39 Drivers/STM32F4xx_HAL_Driver/stm32f4xx_hal_adc.o
 .ARM.attributes
                0x000001cd       0x39 Drivers/STM32F4xx_HAL_Driver/stm32f4xx_hal_cortex.o
 .ARM.attributes
                0x00000206       0x39 Drivers/STM32F4xx_HAL_Driver/stm32f4xx_hal_dma.o
 .ARM.attributes
                0x0000023f       0x39 Drivers/STM32F4xx_HAL_Driver/stm32f4xx_hal_gpio.o
 .ARM.attributes
                0x00000278       0x39 Drivers/STM32F4xx_HAL_Driver/stm32f4xx_hal_rcc.o
 .ARM.attributes
                0x000002b1       0x34 d:/programs/eclipse_c/plugins/fr.ac6.mcu.externaltools.arm-none.win32_1.12.0.201611241417/tools/compiler/bin/../lib/gcc/arm-none-eabi/5.4.1/../../../../arm-none-eabi/lib/armv7e-m/fpu\libc_nano.a(lib_a-init.o)
 .ARM.attributes
                0x000002e5       0x22 d:/programs/eclipse_c/plugins/fr.ac6.mcu.externaltools.arm-none.win32_1.12.0.201611241417/tools/compiler/bin/../lib/gcc/arm-none-eabi/5.4.1/armv7e-m/fpu/crtn.o
OUTPUT(zadanie_domowe_5_kurs_forbot.elf elf32-littlearm)

.debug_line     0x00000000     0x605e
 .debug_line    0x00000000       0xd8 Application/SW4STM32/startup_stm32f411xe.o
 .debug_line    0x000000d8      0x8c4 Application/User/main.o
 .debug_line    0x0000099c      0x816 Application/User/stm32f4xx_hal_msp.o
 .debug_line    0x000011b2      0x84e Application/User/stm32f4xx_it.o
 .debug_line    0x00001a00      0x7ec Drivers/CMSIS/system_stm32f4xx.o
 .debug_line    0x000021ec      0x94a Drivers/STM32F4xx_HAL_Driver/stm32f4xx_hal.o
 .debug_line    0x00002b36      0xc23 Drivers/STM32F4xx_HAL_Driver/stm32f4xx_hal_adc.o
 .debug_line    0x00003759      0x9bf Drivers/STM32F4xx_HAL_Driver/stm32f4xx_hal_cortex.o
 .debug_line    0x00004118      0xada Drivers/STM32F4xx_HAL_Driver/stm32f4xx_hal_dma.o
 .debug_line    0x00004bf2      0x974 Drivers/STM32F4xx_HAL_Driver/stm32f4xx_hal_gpio.o
 .debug_line    0x00005566      0xaf8 Drivers/STM32F4xx_HAL_Driver/stm32f4xx_hal_rcc.o

.debug_info     0x00000000     0x6a4d
 .debug_info    0x00000000       0xf7 Application/SW4STM32/startup_stm32f411xe.o
 .debug_info    0x000000f7     0x12ab Application/User/main.o
 .debug_info    0x000013a2      0xbdf Application/User/stm32f4xx_hal_msp.o
 .debug_info    0x00001f81      0x446 Application/User/stm32f4xx_it.o
 .debug_info    0x000023c7      0x52a Drivers/CMSIS/system_stm32f4xx.o
 .debug_info    0x000028f1      0x874 Drivers/STM32F4xx_HAL_Driver/stm32f4xx_hal.o
 .debug_info    0x00003165      0xcba Drivers/STM32F4xx_HAL_Driver/stm32f4xx_hal_adc.o
 .debug_info    0x00003e1f      0xdef Drivers/STM32F4xx_HAL_Driver/stm32f4xx_hal_cortex.o
 .debug_info    0x00004c0e      0xa24 Drivers/STM32F4xx_HAL_Driver/stm32f4xx_hal_dma.o
 .debug_info    0x00005632      0x75a Drivers/STM32F4xx_HAL_Driver/stm32f4xx_hal_gpio.o
 .debug_info    0x00005d8c      0xcc1 Drivers/STM32F4xx_HAL_Driver/stm32f4xx_hal_rcc.o

.debug_abbrev   0x00000000     0x16bf
 .debug_abbrev  0x00000000       0x12 Application/SW4STM32/startup_stm32f411xe.o
 .debug_abbrev  0x00000012      0x296 Application/User/main.o
 .debug_abbrev  0x000002a8      0x1cb Application/User/stm32f4xx_hal_msp.o
 .debug_abbrev  0x00000473      0x180 Application/User/stm32f4xx_it.o
 .debug_abbrev  0x000005f3      0x104 Drivers/CMSIS/system_stm32f4xx.o
 .debug_abbrev  0x000006f7      0x272 Drivers/STM32F4xx_HAL_Driver/stm32f4xx_hal.o
 .debug_abbrev  0x00000969      0x290 Drivers/STM32F4xx_HAL_Driver/stm32f4xx_hal_adc.o
 .debug_abbrev  0x00000bf9      0x332 Drivers/STM32F4xx_HAL_Driver/stm32f4xx_hal_cortex.o
 .debug_abbrev  0x00000f2b      0x2a8 Drivers/STM32F4xx_HAL_Driver/stm32f4xx_hal_dma.o
 .debug_abbrev  0x000011d3      0x1cb Drivers/STM32F4xx_HAL_Driver/stm32f4xx_hal_gpio.o
 .debug_abbrev  0x0000139e      0x321 Drivers/STM32F4xx_HAL_Driver/stm32f4xx_hal_rcc.o

.debug_aranges  0x00000000      0x478
 .debug_aranges
                0x00000000       0x28 Application/SW4STM32/startup_stm32f411xe.o
 .debug_aranges
                0x00000028       0x38 Application/User/main.o
 .debug_aranges
                0x00000060       0x30 Application/User/stm32f4xx_hal_msp.o
 .debug_aranges
                0x00000090       0x60 Application/User/stm32f4xx_it.o
 .debug_aranges
                0x000000f0       0x28 Drivers/CMSIS/system_stm32f4xx.o
 .debug_aranges
                0x00000118       0xb8 Drivers/STM32F4xx_HAL_Driver/stm32f4xx_hal.o
 .debug_aranges
                0x000001d0       0xb8 Drivers/STM32F4xx_HAL_Driver/stm32f4xx_hal_adc.o
 .debug_aranges
                0x00000288       0x98 Drivers/STM32F4xx_HAL_Driver/stm32f4xx_hal_cortex.o
 .debug_aranges
                0x00000320       0x80 Drivers/STM32F4xx_HAL_Driver/stm32f4xx_hal_dma.o
 .debug_aranges
                0x000003a0       0x58 Drivers/STM32F4xx_HAL_Driver/stm32f4xx_hal_gpio.o
 .debug_aranges
                0x000003f8       0x80 Drivers/STM32F4xx_HAL_Driver/stm32f4xx_hal_rcc.o

.debug_ranges   0x00000000      0x6d0
 .debug_ranges  0x00000000       0x20 Application/SW4STM32/startup_stm32f411xe.o
 .debug_ranges  0x00000020       0xf0 Application/User/main.o
 .debug_ranges  0x00000110       0x40 Application/User/stm32f4xx_hal_msp.o
 .debug_ranges  0x00000150       0x50 Application/User/stm32f4xx_it.o
 .debug_ranges  0x000001a0       0x18 Drivers/CMSIS/system_stm32f4xx.o
 .debug_ranges  0x000001b8       0xa8 Drivers/STM32F4xx_HAL_Driver/stm32f4xx_hal.o
 .debug_ranges  0x00000260       0xc0 Drivers/STM32F4xx_HAL_Driver/stm32f4xx_hal_adc.o
 .debug_ranges  0x00000320      0x148 Drivers/STM32F4xx_HAL_Driver/stm32f4xx_hal_cortex.o
 .debug_ranges  0x00000468       0xa8 Drivers/STM32F4xx_HAL_Driver/stm32f4xx_hal_dma.o
 .debug_ranges  0x00000510       0x70 Drivers/STM32F4xx_HAL_Driver/stm32f4xx_hal_gpio.o
 .debug_ranges  0x00000580      0x150 Drivers/STM32F4xx_HAL_Driver/stm32f4xx_hal_rcc.o

.debug_macro    0x00000000    0x158b7
 .debug_macro   0x00000000      0x314 Application/User/main.o
 .debug_macro   0x00000314      0x89e Application/User/main.o
 .debug_macro   0x00000bb2       0x52 Application/User/main.o
 .debug_macro   0x00000c04      0x179 Application/User/main.o
 .debug_macro   0x00000d7d       0x33 Application/User/main.o
 .debug_macro   0x00000db0       0x28 Application/User/main.o
 .debug_macro   0x00000dd8       0x22 Application/User/main.o
 .debug_macro   0x00000dfa       0x87 Application/User/main.o
 .debug_macro   0x00000e81       0x44 Application/User/main.o
 .debug_macro   0x00000ec5       0xfd Application/User/main.o
 .debug_macro   0x00000fc2       0x5e Application/User/main.o
 .debug_macro   0x00001020      0x1df Application/User/main.o
 .debug_macro   0x000011ff       0x35 Application/User/main.o
 .debug_macro   0x00001234       0x50 Application/User/main.o
 .debug_macro   0x00001284      0xe66 Application/User/main.o
 .debug_macro   0x000020ea     0xb857 Application/User/main.o
 .debug_macro   0x0000d941       0x43 Application/User/main.o
 .debug_macro   0x0000d984     0x347f Application/User/main.o
 .debug_macro   0x00010e03       0x52 Application/User/main.o
 .debug_macro   0x00010e55       0x35 Application/User/main.o
 .debug_macro   0x00010e8a       0x9c Application/User/main.o
 .debug_macro   0x00010f26       0x16 Application/User/main.o
 .debug_macro   0x00010f3c       0x97 Application/User/main.o
 .debug_macro   0x00010fd3      0x30d Application/User/main.o
 .debug_macro   0x000112e0       0xfd Application/User/main.o
 .debug_macro   0x000113dd       0x10 Application/User/main.o
 .debug_macro   0x000113ed       0x52 Application/User/main.o
 .debug_macro   0x0001143f       0x1f Application/User/main.o
 .debug_macro   0x0001145e       0x43 Application/User/main.o
 .debug_macro   0x000114a1       0x20 Application/User/main.o
 .debug_macro   0x000114c1      0x187 Application/User/main.o
 .debug_macro   0x00011648       0x10 Application/User/main.o
 .debug_macro   0x00011658       0x1c Application/User/main.o
 .debug_macro   0x00011674       0x52 Application/User/main.o
 .debug_macro   0x000116c6       0x40 Application/User/main.o
 .debug_macro   0x00011706       0x10 Application/User/main.o
 .debug_macro   0x00011716       0x40 Application/User/main.o
 .debug_macro   0x00011756       0xd7 Application/User/main.o
 .debug_macro   0x0001182d       0x16 Application/User/main.o
 .debug_macro   0x00011843      0x189 Application/User/main.o
 .debug_macro   0x000119cc       0x50 Application/User/main.o
 .debug_macro   0x00011a1c      0x45c Application/User/main.o
 .debug_macro   0x00011e78      0x9e1 Application/User/main.o
 .debug_macro   0x00012859      0x11e Application/User/main.o
 .debug_macro   0x00012977      0x11b Application/User/main.o
 .debug_macro   0x00012a92       0x27 Application/User/main.o
 .debug_macro   0x00012ab9      0x287 Application/User/main.o
 .debug_macro   0x00012d40       0x5f Application/User/main.o
 .debug_macro   0x00012d9f      0x23a Application/User/main.o
 .debug_macro   0x00012fd9      0x391 Application/User/main.o
 .debug_macro   0x0001336a      0x176 Application/User/main.o
 .debug_macro   0x000134e0       0xf9 Application/User/main.o
 .debug_macro   0x000135d9      0x13a Application/User/main.o
 .debug_macro   0x00013713      0x264 Application/User/main.o
 .debug_macro   0x00013977       0x2e Application/User/main.o
 .debug_macro   0x000139a5      0x11e Application/User/main.o
 .debug_macro   0x00013ac3       0x85 Application/User/main.o
 .debug_macro   0x00013b48       0x89 Application/User/main.o
 .debug_macro   0x00013bd1      0x11e Application/User/main.o
 .debug_macro   0x00013cef      0x2fe Application/User/stm32f4xx_hal_msp.o
 .debug_macro   0x00013fed      0x308 Application/User/stm32f4xx_it.o
 .debug_macro   0x000142f5      0x304 Drivers/CMSIS/system_stm32f4xx.o
 .debug_macro   0x000145f9      0x35e Drivers/STM32F4xx_HAL_Driver/stm32f4xx_hal.o
 .debug_macro   0x00014957      0x2ff Drivers/STM32F4xx_HAL_Driver/stm32f4xx_hal_adc.o
 .debug_macro   0x00014c56      0x2fe Drivers/STM32F4xx_HAL_Driver/stm32f4xx_hal_cortex.o
 .debug_macro   0x00014f54      0x305 Drivers/STM32F4xx_HAL_Driver/stm32f4xx_hal_dma.o
 .debug_macro   0x00015259      0x336 Drivers/STM32F4xx_HAL_Driver/stm32f4xx_hal_gpio.o
 .debug_macro   0x0001558f      0x328 Drivers/STM32F4xx_HAL_Driver/stm32f4xx_hal_rcc.o

.debug_str      0x00000000    0x825c8
 .debug_str     0x00000000    0x81031 Application/User/main.o
                              0x81378 (size before relaxing)
 .debug_str     0x00081031       0xc1 Application/User/stm32f4xx_hal_msp.o
                              0x81057 (size before relaxing)
 .debug_str     0x000810f2      0x142 Application/User/stm32f4xx_it.o
                              0x80a07 (size before relaxing)
 .debug_str     0x00081234      0x107 Drivers/CMSIS/system_stm32f4xx.o
                              0x80890 (size before relaxing)
 .debug_str     0x0008133b      0x56a Drivers/STM32F4xx_HAL_Driver/stm32f4xx_hal.o
                              0x811e1 (size before relaxing)
 .debug_str     0x000818a5      0x27c Drivers/STM32F4xx_HAL_Driver/stm32f4xx_hal_adc.o
                              0x80dc9 (size before relaxing)
 .debug_str     0x00081b21      0x328 Drivers/STM32F4xx_HAL_Driver/stm32f4xx_hal_cortex.o
                              0x80f74 (size before relaxing)
 .debug_str     0x00081e49      0x30a Drivers/STM32F4xx_HAL_Driver/stm32f4xx_hal_dma.o
                              0x80c93 (size before relaxing)
 .debug_str     0x00082153      0x22d Drivers/STM32F4xx_HAL_Driver/stm32f4xx_hal_gpio.o
                              0x80b08 (size before relaxing)
 .debug_str     0x00082380      0x248 Drivers/STM32F4xx_HAL_Driver/stm32f4xx_hal_rcc.o
                              0x80c97 (size before relaxing)

.comment        0x00000000       0x6e
 .comment       0x00000000       0x6e Application/User/main.o
                                 0x6f (size before relaxing)
 .comment       0x0000006e       0x6f Application/User/stm32f4xx_hal_msp.o
 .comment       0x0000006e       0x6f Application/User/stm32f4xx_it.o
 .comment       0x0000006e       0x6f Drivers/CMSIS/system_stm32f4xx.o
 .comment       0x0000006e       0x6f Drivers/STM32F4xx_HAL_Driver/stm32f4xx_hal.o
 .comment       0x0000006e       0x6f Drivers/STM32F4xx_HAL_Driver/stm32f4xx_hal_adc.o
 .comment       0x0000006e       0x6f Drivers/STM32F4xx_HAL_Driver/stm32f4xx_hal_cortex.o
 .comment       0x0000006e       0x6f Drivers/STM32F4xx_HAL_Driver/stm32f4xx_hal_dma.o
 .comment       0x0000006e       0x6f Drivers/STM32F4xx_HAL_Driver/stm32f4xx_hal_gpio.o
 .comment       0x0000006e       0x6f Drivers/STM32F4xx_HAL_Driver/stm32f4xx_hal_rcc.o

.debug_frame    0x00000000      0xa64
 .debug_frame   0x00000000       0x70 Application/User/main.o
 .debug_frame   0x00000070       0x70 Application/User/stm32f4xx_hal_msp.o
 .debug_frame   0x000000e0       0xdc Application/User/stm32f4xx_it.o
 .debug_frame   0x000001bc       0x30 Drivers/CMSIS/system_stm32f4xx.o
 .debug_frame   0x000001ec      0x184 Drivers/STM32F4xx_HAL_Driver/stm32f4xx_hal.o
 .debug_frame   0x00000370      0x23c Drivers/STM32F4xx_HAL_Driver/stm32f4xx_hal_adc.o
 .debug_frame   0x000005ac      0x130 Drivers/STM32F4xx_HAL_Driver/stm32f4xx_hal_cortex.o
 .debug_frame   0x000006dc      0x150 Drivers/STM32F4xx_HAL_Driver/stm32f4xx_hal_dma.o
 .debug_frame   0x0000082c       0xd4 Drivers/STM32F4xx_HAL_Driver/stm32f4xx_hal_gpio.o
 .debug_frame   0x00000900      0x138 Drivers/STM32F4xx_HAL_Driver/stm32f4xx_hal_rcc.o
 .debug_frame   0x00000a38       0x2c d:/programs/eclipse_c/plugins/fr.ac6.mcu.externaltools.arm-none.win32_1.12.0.201611241417/tools/compiler/bin/../lib/gcc/arm-none-eabi/5.4.1/../../../../arm-none-eabi/lib/armv7e-m/fpu\libc_nano.a(lib_a-init.o)

.debug_loc      0x00000000     0x1d34
 .debug_loc     0x00000000       0x63 Application/User/stm32f4xx_hal_msp.o
 .debug_loc     0x00000063       0xd7 Drivers/CMSIS/system_stm32f4xx.o
 .debug_loc     0x0000013a       0x92 Drivers/STM32F4xx_HAL_Driver/stm32f4xx_hal.o
 .debug_loc     0x000001cc      0x771 Drivers/STM32F4xx_HAL_Driver/stm32f4xx_hal_adc.o
 .debug_loc     0x0000093d      0x4ab Drivers/STM32F4xx_HAL_Driver/stm32f4xx_hal_cortex.o
 .debug_loc     0x00000de8      0x757 Drivers/STM32F4xx_HAL_Driver/stm32f4xx_hal_dma.o
 .debug_loc     0x0000153f      0x370 Drivers/STM32F4xx_HAL_Driver/stm32f4xx_hal_gpio.o
 .debug_loc     0x000018af      0x485 Drivers/STM32F4xx_HAL_Driver/stm32f4xx_hal_rcc.o
