Archive member included to satisfy reference by file (symbol)

d:/programs/eclipse_c/plugins/fr.ac6.mcu.externaltools.arm-none.win32_1.12.0.201611241417/tools/compiler/bin/../lib/gcc/arm-none-eabi/5.4.1/armv7e-m/fpu\libgcc.a(_arm_addsubdf3.o)
                              Application/User/main.o (__aeabi_dadd)
d:/programs/eclipse_c/plugins/fr.ac6.mcu.externaltools.arm-none.win32_1.12.0.201611241417/tools/compiler/bin/../lib/gcc/arm-none-eabi/5.4.1/armv7e-m/fpu\libgcc.a(_arm_muldivdf3.o)
                              Application/User/main.o (__aeabi_ddiv)
d:/programs/eclipse_c/plugins/fr.ac6.mcu.externaltools.arm-none.win32_1.12.0.201611241417/tools/compiler/bin/../lib/gcc/arm-none-eabi/5.4.1/armv7e-m/fpu\libgcc.a(_arm_truncdfsf2.o)
                              Application/User/main.o (__aeabi_d2f)
d:/programs/eclipse_c/plugins/fr.ac6.mcu.externaltools.arm-none.win32_1.12.0.201611241417/tools/compiler/bin/../lib/gcc/arm-none-eabi/5.4.1/../../../../arm-none-eabi/lib/armv7e-m/fpu\libc_nano.a(lib_a-exit.o)
                              d:/programs/eclipse_c/plugins/fr.ac6.mcu.externaltools.arm-none.win32_1.12.0.201611241417/tools/compiler/bin/../lib/gcc/arm-none-eabi/5.4.1/../../../../arm-none-eabi/lib/armv7e-m/fpu/crt0.o (exit)
d:/programs/eclipse_c/plugins/fr.ac6.mcu.externaltools.arm-none.win32_1.12.0.201611241417/tools/compiler/bin/../lib/gcc/arm-none-eabi/5.4.1/../../../../arm-none-eabi/lib/armv7e-m/fpu\libc_nano.a(lib_a-impure.o)
                              d:/programs/eclipse_c/plugins/fr.ac6.mcu.externaltools.arm-none.win32_1.12.0.201611241417/tools/compiler/bin/../lib/gcc/arm-none-eabi/5.4.1/../../../../arm-none-eabi/lib/armv7e-m/fpu\libc_nano.a(lib_a-exit.o) (_global_impure_ptr)
d:/programs/eclipse_c/plugins/fr.ac6.mcu.externaltools.arm-none.win32_1.12.0.201611241417/tools/compiler/bin/../lib/gcc/arm-none-eabi/5.4.1/../../../../arm-none-eabi/lib/armv7e-m/fpu\libc_nano.a(lib_a-init.o)
                              d:/programs/eclipse_c/plugins/fr.ac6.mcu.externaltools.arm-none.win32_1.12.0.201611241417/tools/compiler/bin/../lib/gcc/arm-none-eabi/5.4.1/../../../../arm-none-eabi/lib/armv7e-m/fpu/crt0.o (__libc_init_array)
d:/programs/eclipse_c/plugins/fr.ac6.mcu.externaltools.arm-none.win32_1.12.0.201611241417/tools/compiler/bin/../lib/gcc/arm-none-eabi/5.4.1/../../../../arm-none-eabi/lib/armv7e-m/fpu\libc_nano.a(lib_a-memset.o)
                              d:/programs/eclipse_c/plugins/fr.ac6.mcu.externaltools.arm-none.win32_1.12.0.201611241417/tools/compiler/bin/../lib/gcc/arm-none-eabi/5.4.1/../../../../arm-none-eabi/lib/armv7e-m/fpu/crt0.o (memset)
d:/programs/eclipse_c/plugins/fr.ac6.mcu.externaltools.arm-none.win32_1.12.0.201611241417/tools/compiler/bin/../lib/gcc/arm-none-eabi/5.4.1/../../../../arm-none-eabi/lib/armv7e-m/fpu\libnosys.a(_exit.o)
                              d:/programs/eclipse_c/plugins/fr.ac6.mcu.externaltools.arm-none.win32_1.12.0.201611241417/tools/compiler/bin/../lib/gcc/arm-none-eabi/5.4.1/../../../../arm-none-eabi/lib/armv7e-m/fpu\libc_nano.a(lib_a-exit.o) (_exit)

Allocating common symbols
Common symbol       size              file

hi2c1               0x54              Application/User/main.o
uwTick              0x4               Drivers/STM32F4xx_HAL_Driver/stm32f4xx_hal.o
pFlash              0x20              Drivers/STM32F4xx_HAL_Driver/stm32f4xx_hal_flash.o

Discarded input sections

 .text          0x00000000        0x0 d:/programs/eclipse_c/plugins/fr.ac6.mcu.externaltools.arm-none.win32_1.12.0.201611241417/tools/compiler/bin/../lib/gcc/arm-none-eabi/5.4.1/armv7e-m/fpu/crti.o
 .data          0x00000000        0x0 d:/programs/eclipse_c/plugins/fr.ac6.mcu.externaltools.arm-none.win32_1.12.0.201611241417/tools/compiler/bin/../lib/gcc/arm-none-eabi/5.4.1/armv7e-m/fpu/crti.o
 .bss           0x00000000        0x0 d:/programs/eclipse_c/plugins/fr.ac6.mcu.externaltools.arm-none.win32_1.12.0.201611241417/tools/compiler/bin/../lib/gcc/arm-none-eabi/5.4.1/armv7e-m/fpu/crti.o
 .data          0x00000000        0x4 d:/programs/eclipse_c/plugins/fr.ac6.mcu.externaltools.arm-none.win32_1.12.0.201611241417/tools/compiler/bin/../lib/gcc/arm-none-eabi/5.4.1/armv7e-m/fpu/crtbegin.o
 .text          0x00000000       0x74 d:/programs/eclipse_c/plugins/fr.ac6.mcu.externaltools.arm-none.win32_1.12.0.201611241417/tools/compiler/bin/../lib/gcc/arm-none-eabi/5.4.1/../../../../arm-none-eabi/lib/armv7e-m/fpu/crt0.o
 .data          0x00000000        0x0 d:/programs/eclipse_c/plugins/fr.ac6.mcu.externaltools.arm-none.win32_1.12.0.201611241417/tools/compiler/bin/../lib/gcc/arm-none-eabi/5.4.1/../../../../arm-none-eabi/lib/armv7e-m/fpu/crt0.o
 .bss           0x00000000        0x0 d:/programs/eclipse_c/plugins/fr.ac6.mcu.externaltools.arm-none.win32_1.12.0.201611241417/tools/compiler/bin/../lib/gcc/arm-none-eabi/5.4.1/../../../../arm-none-eabi/lib/armv7e-m/fpu/crt0.o
[...]
Memory Configuration

Name             Origin             Length             Attributes
RAM              0x20000000         0x00020000         xrw
FLASH            0x08000000         0x00080000         xr
*default*        0x00000000         0xffffffff

Linker script and memory map

LOAD d:/programs/eclipse_c/plugins/fr.ac6.mcu.externaltools.arm-none.win32_1.12.0.201611241417/tools/compiler/bin/../lib/gcc/arm-none-eabi/5.4.1/armv7e-m/fpu/crti.o
LOAD d:/programs/eclipse_c/plugins/fr.ac6.mcu.externaltools.arm-none.win32_1.12.0.201611241417/tools/compiler/bin/../lib/gcc/arm-none-eabi/5.4.1/armv7e-m/fpu/crtbegin.o
LOAD d:/programs/eclipse_c/plugins/fr.ac6.mcu.externaltools.arm-none.win32_1.12.0.201611241417/tools/compiler/bin/../lib/gcc/arm-none-eabi/5.4.1/../../../../arm-none-eabi/lib/armv7e-m/fpu/crt0.o
LOAD d:/programs/eclipse_c/plugins/fr.ac6.mcu.externaltools.arm-none.win32_1.12.0.201611241417/tools/compiler/bin/../lib/gcc/arm-none-eabi/5.4.1/../../../../arm-none-eabi/lib/armv7e-m/fpu\libm.a
LOAD Application/SW4STM32/startup_stm32f411xe.o
LOAD Application/User/main.o
LOAD Application/User/stm32f4xx_hal_msp.o
LOAD Application/User/stm32f4xx_it.o
LOAD Drivers/CMSIS/system_stm32f4xx.o
LOAD Drivers/STM32F4xx_HAL_Driver/stm32f4xx_hal.o
LOAD Drivers/STM32F4xx_HAL_Driver/stm32f4xx_hal_cortex.o
LOAD Drivers/STM32F4xx_HAL_Driver/stm32f4xx_hal_dma.o
LOAD Drivers/STM32F4xx_HAL_Driver/stm32f4xx_hal_dma_ex.o
LOAD Drivers/STM32F4xx_HAL_Driver/stm32f4xx_hal_flash.o
LOAD Drivers/STM32F4xx_HAL_Driver/stm32f4xx_hal_flash_ex.o
LOAD Drivers/STM32F4xx_HAL_Driver/stm32f4xx_hal_flash_ramfunc.o
LOAD Drivers/STM32F4xx_HAL_Driver/stm32f4xx_hal_gpio.o
LOAD Drivers/STM32F4xx_HAL_Driver/stm32f4xx_hal_i2c.o
LOAD Drivers/STM32F4xx_HAL_Driver/stm32f4xx_hal_i2c_ex.o
LOAD Drivers/STM32F4xx_HAL_Driver/stm32f4xx_hal_pwr.o
LOAD Drivers/STM32F4xx_HAL_Driver/stm32f4xx_hal_pwr_ex.o
LOAD Drivers/STM32F4xx_HAL_Driver/stm32f4xx_hal_rcc.o
LOAD Drivers/STM32F4xx_HAL_Driver/stm32f4xx_hal_rcc_ex.o
LOAD Drivers/STM32F4xx_HAL_Driver/stm32f4xx_hal_tim.o
LOAD Drivers/STM32F4xx_HAL_Driver/stm32f4xx_hal_tim_ex.o
START GROUP
LOAD d:/programs/eclipse_c/plugins/fr.ac6.mcu.externaltools.arm-none.win32_1.12.0.201611241417/tools/compiler/bin/../lib/gcc/arm-none-eabi/5.4.1/armv7e-m/fpu\libgcc.a
LOAD d:/programs/eclipse_c/plugins/fr.ac6.mcu.externaltools.arm-none.win32_1.12.0.201611241417/tools/compiler/bin/../lib/gcc/arm-none-eabi/5.4.1/../../../../arm-none-eabi/lib/armv7e-m/fpu\libc_nano.a
END GROUP
START GROUP
LOAD d:/programs/eclipse_c/plugins/fr.ac6.mcu.externaltools.arm-none.win32_1.12.0.201611241417/tools/compiler/bin/../lib/gcc/arm-none-eabi/5.4.1/armv7e-m/fpu\libgcc.a
LOAD d:/programs/eclipse_c/plugins/fr.ac6.mcu.externaltools.arm-none.win32_1.12.0.201611241417/tools/compiler/bin/../lib/gcc/arm-none-eabi/5.4.1/../../../../arm-none-eabi/lib/armv7e-m/fpu\libc_nano.a
LOAD d:/programs/eclipse_c/plugins/fr.ac6.mcu.externaltools.arm-none.win32_1.12.0.201611241417/tools/compiler/bin/../lib/gcc/arm-none-eabi/5.4.1/../../../../arm-none-eabi/lib/armv7e-m/fpu\libnosys.a
END GROUP
START GROUP
LOAD d:/programs/eclipse_c/plugins/fr.ac6.mcu.externaltools.arm-none.win32_1.12.0.201611241417/tools/compiler/bin/../lib/gcc/arm-none-eabi/5.4.1/armv7e-m/fpu\libgcc.a
LOAD d:/programs/eclipse_c/plugins/fr.ac6.mcu.externaltools.arm-none.win32_1.12.0.201611241417/tools/compiler/bin/../lib/gcc/arm-none-eabi/5.4.1/../../../../arm-none-eabi/lib/armv7e-m/fpu\libc_nano.a
LOAD d:/programs/eclipse_c/plugins/fr.ac6.mcu.externaltools.arm-none.win32_1.12.0.201611241417/tools/compiler/bin/../lib/gcc/arm-none-eabi/5.4.1/../../../../arm-none-eabi/lib/armv7e-m/fpu\libnosys.a
END GROUP
LOAD d:/programs/eclipse_c/plugins/fr.ac6.mcu.externaltools.arm-none.win32_1.12.0.201611241417/tools/compiler/bin/../lib/gcc/arm-none-eabi/5.4.1/armv7e-m/fpu/crtend.o
LOAD d:/programs/eclipse_c/plugins/fr.ac6.mcu.externaltools.arm-none.win32_1.12.0.201611241417/tools/compiler/bin/../lib/gcc/arm-none-eabi/5.4.1/armv7e-m/fpu/crtn.o
                0x20020000                _estack = 0x20020000
                0x00000200                _Min_Heap_Size = 0x200
                0x00000400                _Min_Stack_Size = 0x400

.isr_vector     0x08000000      0x198
                0x08000000                . = ALIGN (0x4)
 *(.isr_vector)
 .isr_vector    0x08000000      0x198 Application/SW4STM32/startup_stm32f411xe.o
                0x08000000                g_pfnVectors
                0x08000198                . = ALIGN (0x4)

.text           0x08000198     0x1bcc
                0x08000198                . = ALIGN (0x4)
 *(.text)
 .text          0x08000198       0x5c d:/programs/eclipse_c/plugins/fr.ac6.mcu.externaltools.arm-none.win32_1.12.0.201611241417/tools/compiler/bin/../lib/gcc/arm-none-eabi/5.4.1/armv7e-m/fpu/crtbegin.o
 .text          0x080001f4      0x370 d:/programs/eclipse_c/plugins/fr.ac6.mcu.externaltools.arm-none.win32_1.12.0.201611241417/tools/compiler/bin/../lib/gcc/arm-none-eabi/5.4.1/armv7e-m/fpu\libgcc.a(_arm_addsubdf3.o)
                0x080001f4                __aeabi_drsub
                0x080001fc                __aeabi_dsub
                0x080001fc                __subdf3
                0x08000200                __aeabi_dadd
                0x08000200                __adddf3
                0x08000478                __floatunsidf
                0x08000478                __aeabi_ui2d
                0x08000498                __floatsidf
                0x08000498                __aeabi_i2d
                0x080004bc                __aeabi_f2d
                0x080004bc                __extendsfdf2
                0x080004f8                __floatundidf
                0x080004f8                __aeabi_ul2d
                0x08000508                __floatdidf
                0x08000508                __aeabi_l2d
 .text          0x08000564      0x424 d:/programs/eclipse_c/plugins/fr.ac6.mcu.externaltools.arm-none.win32_1.12.0.201611241417/tools/compiler/bin/../lib/gcc/arm-none-eabi/5.4.1/armv7e-m/fpu\libgcc.a(_arm_muldivdf3.o)
                0x08000564                __aeabi_dmul
                0x08000564                __muldf3
                0x080007b8                __divdf3
                0x080007b8                __aeabi_ddiv
 .text          0x08000988       0xa0 d:/programs/eclipse_c/plugins/fr.ac6.mcu.externaltools.arm-none.win32_1.12.0.201611241417/tools/compiler/bin/../lib/gcc/arm-none-eabi/5.4.1/armv7e-m/fpu\libgcc.a(_arm_truncdfsf2.o)
                0x08000988                __truncdfsf2
                0x08000988                __aeabi_d2f
 *(.text*)
 .text.Reset_Handler
                0x08000a28       0x50 Application/SW4STM32/startup_stm32f411xe.o
                0x08000a28                Reset_Handler
 .text.Default_Handler
                0x08000a78        0x2 Application/SW4STM32/startup_stm32f411xe.o
                0x08000a78                RTC_Alarm_IRQHandler
                0x08000a78                EXTI2_IRQHandler
                0x08000a78                SPI4_IRQHandler
                0x08000a78                TIM1_CC_IRQHandler
                0x08000a78                DMA2_Stream5_IRQHandler
                0x08000a78                DMA1_Stream5_IRQHandler
                0x08000a78                PVD_IRQHandler
                0x08000a78                SDIO_IRQHandler
                0x08000a78                TAMP_STAMP_IRQHandler
                0x08000a78                EXTI3_IRQHandler
                0x08000a78                TIM1_UP_TIM10_IRQHandler
                0x08000a78                I2C3_ER_IRQHandler
                0x08000a78                EXTI0_IRQHandler
                0x08000a78                I2C2_EV_IRQHandler
                0x08000a78                DMA1_Stream2_IRQHandler
                0x08000a78                FPU_IRQHandler
                0x08000a78                DMA2_Stream2_IRQHandler
                0x08000a78                SPI1_IRQHandler
                0x08000a78                TIM1_BRK_TIM9_IRQHandler
                0x08000a78                DMA2_Stream3_IRQHandler
                0x08000a78                USART6_IRQHandler
                0x08000a78                DMA2_Stream0_IRQHandler
                0x08000a78                TIM4_IRQHandler
                0x08000a78                I2C1_EV_IRQHandler
                0x08000a78                DMA1_Stream6_IRQHandler
                0x08000a78                DMA1_Stream1_IRQHandler
                0x08000a78                TIM3_IRQHandler
                0x08000a78                RCC_IRQHandler
                0x08000a78                Default_Handler
                0x08000a78                EXTI15_10_IRQHandler
                0x08000a78                ADC_IRQHandler
                0x08000a78                DMA1_Stream7_IRQHandler
                0x08000a78                SPI5_IRQHandler
                0x08000a78                TIM5_IRQHandler
                0x08000a78                DMA2_Stream7_IRQHandler
                0x08000a78                I2C3_EV_IRQHandler
                0x08000a78                EXTI9_5_IRQHandler
                0x08000a78                RTC_WKUP_IRQHandler
                0x08000a78                SPI2_IRQHandler
                0x08000a78                DMA1_Stream0_IRQHandler
                0x08000a78                EXTI4_IRQHandler
                0x08000a78                WWDG_IRQHandler
                0x08000a78                TIM2_IRQHandler
                0x08000a78                OTG_FS_WKUP_IRQHandler
                0x08000a78                TIM1_TRG_COM_TIM11_IRQHandler
                0x08000a78                EXTI1_IRQHandler
                0x08000a78                USART2_IRQHandler
                0x08000a78                I2C2_ER_IRQHandler
                0x08000a78                DMA2_Stream1_IRQHandler
                0x08000a78                FLASH_IRQHandler
                0x08000a78                DMA2_Stream4_IRQHandler
                0x08000a78                USART1_IRQHandler
                0x08000a78                OTG_FS_IRQHandler
                0x08000a78                SPI3_IRQHandler
                0x08000a78                DMA1_Stream4_IRQHandler
                0x08000a78                I2C1_ER_IRQHandler
                0x08000a78                DMA2_Stream6_IRQHandler
                0x08000a78                DMA1_Stream3_IRQHandler
 *fill*         0x08000a7a        0x2 
 .text.SystemClock_Config
                0x08000a7c       0xa8 Application/User/main.o
                0x08000a7c                SystemClock_Config
 *fill*         0x08000b24        0x4 
 .text.startup.main
                0x08000b28       0xcc Application/User/main.o
                0x08000b28                main
 .text.HAL_MspInit
                0x08000bf4       0x60 Application/User/stm32f4xx_hal_msp.o
                0x08000bf4                HAL_MspInit
 .text.HAL_I2C_MspInit
                0x08000c54       0x54 Application/User/stm32f4xx_hal_msp.o
                0x08000c54                HAL_I2C_MspInit
 .text.NMI_Handler
                0x08000ca8        0x2 Application/User/stm32f4xx_it.o
                0x08000ca8                NMI_Handler
 .text.HardFault_Handler
                0x08000caa        0x2 Application/User/stm32f4xx_it.o
                0x08000caa                HardFault_Handler
 .text.MemManage_Handler
                0x08000cac        0x2 Application/User/stm32f4xx_it.o
                0x08000cac                MemManage_Handler
 .text.BusFault_Handler
                0x08000cae        0x2 Application/User/stm32f4xx_it.o
                0x08000cae                BusFault_Handler
 .text.UsageFault_Handler
                0x08000cb0        0x2 Application/User/stm32f4xx_it.o
                0x08000cb0                UsageFault_Handler
 .text.SVC_Handler
                0x08000cb2        0x2 Application/User/stm32f4xx_it.o
                0x08000cb2                SVC_Handler
 .text.DebugMon_Handler
                0x08000cb4        0x2 Application/User/stm32f4xx_it.o
                0x08000cb4                DebugMon_Handler
 .text.PendSV_Handler
                0x08000cb6        0x2 Application/User/stm32f4xx_it.o
                0x08000cb6                PendSV_Handler
 .text.SysTick_Handler
                0x08000cb8        0xe Application/User/stm32f4xx_it.o
                0x08000cb8                SysTick_Handler
 *fill*         0x08000cc6        0x2 
 .text.SystemInit
                0x08000cc8       0x4c Drivers/CMSIS/system_stm32f4xx.o
                0x08000cc8                SystemInit
 .text.HAL_InitTick
                0x08000d14       0x28 Drivers/STM32F4xx_HAL_Driver/stm32f4xx_hal.o
                0x08000d14                HAL_InitTick
 .text.HAL_Init
                0x08000d3c       0x34 Drivers/STM32F4xx_HAL_Driver/stm32f4xx_hal.o
                0x08000d3c                HAL_Init
 .text.HAL_IncTick
                0x08000d70       0x10 Drivers/STM32F4xx_HAL_Driver/stm32f4xx_hal.o
                0x08000d70                HAL_IncTick
 .text.HAL_GetTick
                0x08000d80        0xc Drivers/STM32F4xx_HAL_Driver/stm32f4xx_hal.o
                0x08000d80                HAL_GetTick
 .text.HAL_NVIC_SetPriorityGrouping
                0x08000d8c       0x24 Drivers/STM32F4xx_HAL_Driver/stm32f4xx_hal_cortex.o
                0x08000d8c                HAL_NVIC_SetPriorityGrouping
 .text.HAL_NVIC_SetPriority
                0x08000db0       0x68 Drivers/STM32F4xx_HAL_Driver/stm32f4xx_hal_cortex.o
                0x08000db0                HAL_NVIC_SetPriority
 .text.HAL_SYSTICK_Config
                0x08000e18       0x2c Drivers/STM32F4xx_HAL_Driver/stm32f4xx_hal_cortex.o
                0x08000e18                HAL_SYSTICK_Config
 .text.HAL_SYSTICK_CLKSourceConfig
                0x08000e44       0x18 Drivers/STM32F4xx_HAL_Driver/stm32f4xx_hal_cortex.o
                0x08000e44                HAL_SYSTICK_CLKSourceConfig
 .text.HAL_SYSTICK_Callback
                0x08000e5c        0x2 Drivers/STM32F4xx_HAL_Driver/stm32f4xx_hal_cortex.o
                0x08000e5c                HAL_SYSTICK_Callback
 .text.HAL_SYSTICK_IRQHandler
                0x08000e5e        0x8 Drivers/STM32F4xx_HAL_Driver/stm32f4xx_hal_cortex.o
                0x08000e5e                HAL_SYSTICK_IRQHandler
 *fill*         0x08000e66        0x2 
 .text.HAL_GPIO_Init
                0x08000e68      0x19c Drivers/STM32F4xx_HAL_Driver/stm32f4xx_hal_gpio.o
                0x08000e68                HAL_GPIO_Init
 .text.I2C_IsAcknowledgeFailed
                0x08001004       0x2a Drivers/STM32F4xx_HAL_Driver/stm32f4xx_hal_i2c.o
 .text.I2C_WaitOnMasterAddressFlagUntilTimeout
                0x0800102e       0x82 Drivers/STM32F4xx_HAL_Driver/stm32f4xx_hal_i2c.o
 .text.I2C_WaitOnFlagUntilTimeout
                0x080010b0       0x5e Drivers/STM32F4xx_HAL_Driver/stm32f4xx_hal_i2c.o
 .text.I2C_WaitOnTXEFlagUntilTimeout
                0x0800110e       0x4c Drivers/STM32F4xx_HAL_Driver/stm32f4xx_hal_i2c.o
 *fill*         0x0800115a        0x2 
 .text.I2C_RequestMemoryWrite
                0x0800115c       0xa0 Drivers/STM32F4xx_HAL_Driver/stm32f4xx_hal_i2c.o
 .text.I2C_RequestMemoryRead
                0x080011fc       0xf0 Drivers/STM32F4xx_HAL_Driver/stm32f4xx_hal_i2c.o
 .text.I2C_WaitOnRXNEFlagUntilTimeout
                0x080012ec       0x5a Drivers/STM32F4xx_HAL_Driver/stm32f4xx_hal_i2c.o
 .text.I2C_WaitOnBTFFlagUntilTimeout
                0x08001346       0x4c Drivers/STM32F4xx_HAL_Driver/stm32f4xx_hal_i2c.o
 *fill*         0x08001392        0x2 
 .text.HAL_I2C_Init
                0x08001394       0xdc Drivers/STM32F4xx_HAL_Driver/stm32f4xx_hal_i2c.o
                0x08001394                HAL_I2C_Init
 .text.HAL_I2C_Mem_Write
                0x08001470      0x130 Drivers/STM32F4xx_HAL_Driver/stm32f4xx_hal_i2c.o
                0x08001470                HAL_I2C_Mem_Write
 .text.HAL_I2C_Mem_Read
                0x080015a0      0x224 Drivers/STM32F4xx_HAL_Driver/stm32f4xx_hal_i2c.o
                0x080015a0                HAL_I2C_Mem_Read
 .text.HAL_RCC_OscConfig
                0x080017c4      0x31c Drivers/STM32F4xx_HAL_Driver/stm32f4xx_hal_rcc.o
                0x080017c4                HAL_RCC_OscConfig
 .text.HAL_RCC_GetSysClockFreq
                0x08001ae0       0x7c Drivers/STM32F4xx_HAL_Driver/stm32f4xx_hal_rcc.o
                0x08001ae0                HAL_RCC_GetSysClockFreq
 .text.HAL_RCC_ClockConfig
                0x08001b5c      0x168 Drivers/STM32F4xx_HAL_Driver/stm32f4xx_hal_rcc.o
                0x08001b5c                HAL_RCC_ClockConfig
 .text.HAL_RCC_GetHCLKFreq
                0x08001cc4        0xc Drivers/STM32F4xx_HAL_Driver/stm32f4xx_hal_rcc.o
                0x08001cc4                HAL_RCC_GetHCLKFreq
 .text.HAL_RCC_GetPCLK1Freq
                0x08001cd0       0x30 Drivers/STM32F4xx_HAL_Driver/stm32f4xx_hal_rcc.o
                0x08001cd0                HAL_RCC_GetPCLK1Freq
 .text.__libc_init_array
                0x08001d00       0x4c d:/programs/eclipse_c/plugins/fr.ac6.mcu.externaltools.arm-none.win32_1.12.0.201611241417/tools/compiler/bin/../lib/gcc/arm-none-eabi/5.4.1/../../../../arm-none-eabi/lib/armv7e-m/fpu\libc_nano.a(lib_a-init.o)
                0x08001d00                __libc_init_array
 *(.glue_7)
 .glue_7        0x08001d4c        0x0 linker stubs
 *(.glue_7t)
 .glue_7t       0x08001d4c        0x0 linker stubs
 *(.eh_frame)
 .eh_frame      0x08001d4c        0x0 d:/programs/eclipse_c/plugins/fr.ac6.mcu.externaltools.arm-none.win32_1.12.0.201611241417/tools/compiler/bin/../lib/gcc/arm-none-eabi/5.4.1/armv7e-m/fpu/crtbegin.o
 *(.init)
 .init          0x08001d4c        0x4 d:/programs/eclipse_c/plugins/fr.ac6.mcu.externaltools.arm-none.win32_1.12.0.201611241417/tools/compiler/bin/../lib/gcc/arm-none-eabi/5.4.1/armv7e-m/fpu/crti.o
                0x08001d4c                _init
 .init          0x08001d50        0x8 d:/programs/eclipse_c/plugins/fr.ac6.mcu.externaltools.arm-none.win32_1.12.0.201611241417/tools/compiler/bin/../lib/gcc/arm-none-eabi/5.4.1/armv7e-m/fpu/crtn.o
 *(.fini)
 .fini          0x08001d58        0x4 d:/programs/eclipse_c/plugins/fr.ac6.mcu.externaltools.arm-none.win32_1.12.0.201611241417/tools/compiler/bin/../lib/gcc/arm-none-eabi/5.4.1/armv7e-m/fpu/crti.o
                0x08001d58                _fini
 .fini          0x08001d5c        0x8 d:/programs/eclipse_c/plugins/fr.ac6.mcu.externaltools.arm-none.win32_1.12.0.201611241417/tools/compiler/bin/../lib/gcc/arm-none-eabi/5.4.1/armv7e-m/fpu/crtn.o
                0x08001d64                . = ALIGN (0x4)
                0x08001d64                _etext = .

.vfp11_veneer   0x08001d64        0x0
 .vfp11_veneer  0x08001d64        0x0 linker stubs

.v4_bx          0x08001d64        0x0
 .v4_bx         0x08001d64        0x0 linker stubs

.iplt           0x08001d64        0x0
 .iplt          0x08001d64        0x0 d:/programs/eclipse_c/plugins/fr.ac6.mcu.externaltools.arm-none.win32_1.12.0.201611241417/tools/compiler/bin/../lib/gcc/arm-none-eabi/5.4.1/armv7e-m/fpu/crtbegin.o

.rodata         0x08001d64       0x10
                0x08001d64                . = ALIGN (0x4)
 *(.rodata)
 .rodata        0x08001d64       0x10 Drivers/STM32F4xx_HAL_Driver/stm32f4xx_hal_rcc.o
                0x08001d64                APBAHBPrescTable
 *(.rodata*)
                0x08001d74                . = ALIGN (0x4)

.rel.dyn        0x08001d74        0x0
 .rel.iplt      0x08001d74        0x0 d:/programs/eclipse_c/plugins/fr.ac6.mcu.externaltools.arm-none.win32_1.12.0.201611241417/tools/compiler/bin/../lib/gcc/arm-none-eabi/5.4.1/armv7e-m/fpu/crtbegin.o

.ARM.extab
 *(.ARM.extab* .gnu.linkonce.armextab.*)

.ARM            0x08001d74        0x0
                0x08001d74                __exidx_start = .
 *(.ARM.exidx*)
                0x08001d74                __exidx_end = .

.preinit_array  0x08001d74        0x0
                0x08001d74                PROVIDE (__preinit_array_start, .)
 *(.preinit_array*)
                0x08001d74                PROVIDE (__preinit_array_end, .)

.init_array     0x08001d74        0x4
                0x08001d74                PROVIDE (__init_array_start, .)
 *(SORT(.init_array.*))
 *(.init_array*)
 .init_array    0x08001d74        0x4 d:/programs/eclipse_c/plugins/fr.ac6.mcu.externaltools.arm-none.win32_1.12.0.201611241417/tools/compiler/bin/../lib/gcc/arm-none-eabi/5.4.1/armv7e-m/fpu/crtbegin.o
                0x08001d78                PROVIDE (__init_array_end, .)

.fini_array     0x08001d78        0x4
                [!provide]                PROVIDE (__fini_array_start, .)
 *(SORT(.fini_array.*))
 *(.fini_array*)
 .fini_array    0x08001d78        0x4 d:/programs/eclipse_c/plugins/fr.ac6.mcu.externaltools.arm-none.win32_1.12.0.201611241417/tools/compiler/bin/../lib/gcc/arm-none-eabi/5.4.1/armv7e-m/fpu/crtbegin.o
                [!provide]                PROVIDE (__fini_array_end, .)
                0x08001d7c                _sidata = LOADADDR (.data)

.data           0x20000000        0x4 load address 0x08001d7c
                0x20000000                . = ALIGN (0x4)
                0x20000000                _sdata = .
 *(.data)
 .data          0x20000000        0x4 Drivers/CMSIS/system_stm32f4xx.o
                0x20000000                SystemCoreClock
 *(.data*)
                0x20000004                . = ALIGN (0x4)
                0x20000004                _edata = .

.jcr            0x20000004        0x0 load address 0x08001d80
 .jcr           0x20000004        0x0 d:/programs/eclipse_c/plugins/fr.ac6.mcu.externaltools.arm-none.win32_1.12.0.201611241417/tools/compiler/bin/../lib/gcc/arm-none-eabi/5.4.1/armv7e-m/fpu/crtbegin.o

.igot.plt       0x20000004        0x0 load address 0x08001d80
 .igot.plt      0x20000004        0x0 d:/programs/eclipse_c/plugins/fr.ac6.mcu.externaltools.arm-none.win32_1.12.0.201611241417/tools/compiler/bin/../lib/gcc/arm-none-eabi/5.4.1/armv7e-m/fpu/crtbegin.o
                0x20000004                . = ALIGN (0x4)

.bss            0x20000004       0x7c load address 0x08001d80
                0x20000004                _sbss = .
                0x20000004                __bss_start__ = _sbss
 *(.bss)
 .bss           0x20000004       0x1c d:/programs/eclipse_c/plugins/fr.ac6.mcu.externaltools.arm-none.win32_1.12.0.201611241417/tools/compiler/bin/../lib/gcc/arm-none-eabi/5.4.1/armv7e-m/fpu/crtbegin.o
 .bss           0x20000020        0x8 Application/User/main.o
                0x20000020                Data
                0x20000022                Zaxis
                0x20000024                Zaxis_g
 *(.bss*)
 *(COMMON)
 COMMON         0x20000028       0x54 Application/User/main.o
                0x20000028                hi2c1
 COMMON         0x2000007c        0x4 Drivers/STM32F4xx_HAL_Driver/stm32f4xx_hal.o
                0x2000007c                uwTick
                0x20000080                . = ALIGN (0x4)
                0x20000080                _ebss = .
                0x20000080                __bss_end__ = _ebss

._user_heap_stack
                0x20000080      0x600 load address 0x08001d80
                0x20000080                . = ALIGN (0x8)
                [!provide]                PROVIDE (end, .)
                [!provide]                PROVIDE (_end, .)
                0x20000280                . = (. + _Min_Heap_Size)
 *fill*         0x20000080      0x200 
                0x20000680                . = (. + _Min_Stack_Size)
 *fill*         0x20000280      0x400 
                0x20000680                . = ALIGN (0x8)

/DISCARD/
 libc.a(*)
 libm.a(*)
 libgcc.a(*)

.ARM.attributes
                0x00000000       0x30
 *(.ARM.attributes)
 .ARM.attributes
                0x00000000       0x22 d:/programs/eclipse_c/plugins/fr.ac6.mcu.externaltools.arm-none.win32_1.12.0.201611241417/tools/compiler/bin/../lib/gcc/arm-none-eabi/5.4.1/armv7e-m/fpu/crti.o
 .ARM.attributes
                0x00000022       0x34 d:/programs/eclipse_c/plugins/fr.ac6.mcu.externaltools.arm-none.win32_1.12.0.201611241417/tools/compiler/bin/../lib/gcc/arm-none-eabi/5.4.1/armv7e-m/fpu/crtbegin.o
 .ARM.attributes
                0x00000056       0x21 Application/SW4STM32/startup_stm32f411xe.o
 .ARM.attributes
                0x00000077       0x39 Application/User/main.o
 .ARM.attributes
                0x000000b0       0x39 Application/User/stm32f4xx_hal_msp.o
 .ARM.attributes
                0x000000e9       0x39 Application/User/stm32f4xx_it.o
 .ARM.attributes
                0x00000122       0x39 Drivers/CMSIS/system_stm32f4xx.o
 .ARM.attributes
                0x0000015b       0x39 Drivers/STM32F4xx_HAL_Driver/stm32f4xx_hal.o
 .ARM.attributes
                0x00000194       0x39 Drivers/STM32F4xx_HAL_Driver/stm32f4xx_hal_cortex.o
 .ARM.attributes
                0x000001cd       0x39 Drivers/STM32F4xx_HAL_Driver/stm32f4xx_hal_gpio.o
 .ARM.attributes
                0x00000206       0x39 Drivers/STM32F4xx_HAL_Driver/stm32f4xx_hal_i2c.o
 .ARM.attributes
                0x0000023f       0x39 Drivers/STM32F4xx_HAL_Driver/stm32f4xx_hal_rcc.o
 .ARM.attributes
                0x00000278       0x22 d:/programs/eclipse_c/plugins/fr.ac6.mcu.externaltools.arm-none.win32_1.12.0.201611241417/tools/compiler/bin/../lib/gcc/arm-none-eabi/5.4.1/armv7e-m/fpu\libgcc.a(_arm_addsubdf3.o)
 .ARM.attributes
                0x0000029a       0x22 d:/programs/eclipse_c/plugins/fr.ac6.mcu.externaltools.arm-none.win32_1.12.0.201611241417/tools/compiler/bin/../lib/gcc/arm-none-eabi/5.4.1/armv7e-m/fpu\libgcc.a(_arm_muldivdf3.o)
 .ARM.attributes
                0x000002bc       0x22 d:/programs/eclipse_c/plugins/fr.ac6.mcu.externaltools.arm-none.win32_1.12.0.201611241417/tools/compiler/bin/../lib/gcc/arm-none-eabi/5.4.1/armv7e-m/fpu\libgcc.a(_arm_truncdfsf2.o)
 .ARM.attributes
                0x000002de       0x34 d:/programs/eclipse_c/plugins/fr.ac6.mcu.externaltools.arm-none.win32_1.12.0.201611241417/tools/compiler/bin/../lib/gcc/arm-none-eabi/5.4.1/../../../../arm-none-eabi/lib/armv7e-m/fpu\libc_nano.a(lib_a-init.o)
 .ARM.attributes
                0x00000312       0x22 d:/programs/eclipse_c/plugins/fr.ac6.mcu.externaltools.arm-none.win32_1.12.0.201611241417/tools/compiler/bin/../lib/gcc/arm-none-eabi/5.4.1/armv7e-m/fpu/crtn.o
OUTPUT(06_I2C.elf elf32-littlearm)

.debug_line     0x00000000     0x6111
 .debug_line    0x00000000       0xc2 Application/SW4STM32/startup_stm32f411xe.o
 .debug_line    0x000000c2      0x870 Application/User/main.o
 .debug_line    0x00000932      0x773 Application/User/stm32f4xx_hal_msp.o
 .debug_line    0x000010a5      0x797 Application/User/stm32f4xx_it.o
 .debug_line    0x0000183c      0x768 Drivers/CMSIS/system_stm32f4xx.o
 .debug_line    0x00001fa4      0x8c6 Drivers/STM32F4xx_HAL_Driver/stm32f4xx_hal.o
 .debug_line    0x0000286a      0x93b Drivers/STM32F4xx_HAL_Driver/stm32f4xx_hal_cortex.o
 .debug_line    0x000031a5      0x8f0 Drivers/STM32F4xx_HAL_Driver/stm32f4xx_hal_gpio.o
 .debug_line    0x00003a95     0x1c08 Drivers/STM32F4xx_HAL_Driver/stm32f4xx_hal_i2c.o
 .debug_line    0x0000569d      0xa74 Drivers/STM32F4xx_HAL_Driver/stm32f4xx_hal_rcc.o

.debug_info     0x00000000     0x7958
 .debug_info    0x00000000       0xb5 Application/SW4STM32/startup_stm32f411xe.o
 .debug_info    0x000000b5      0xd70 Application/User/main.o
 .debug_info    0x00000e25      0xbf6 Application/User/stm32f4xx_hal_msp.o
 .debug_info    0x00001a1b      0x146 Application/User/stm32f4xx_it.o
 .debug_info    0x00001b61      0x52a Drivers/CMSIS/system_stm32f4xx.o
 .debug_info    0x0000208b      0x874 Drivers/STM32F4xx_HAL_Driver/stm32f4xx_hal.o
 .debug_info    0x000028ff      0xdef Drivers/STM32F4xx_HAL_Driver/stm32f4xx_hal_cortex.o
 .debug_info    0x000036ee      0x75a Drivers/STM32F4xx_HAL_Driver/stm32f4xx_hal_gpio.o
 .debug_info    0x00003e48     0x2e4f Drivers/STM32F4xx_HAL_Driver/stm32f4xx_hal_i2c.o
 .debug_info    0x00006c97      0xcc1 Drivers/STM32F4xx_HAL_Driver/stm32f4xx_hal_rcc.o

.debug_abbrev   0x00000000     0x13cb
 .debug_abbrev  0x00000000       0x12 Application/SW4STM32/startup_stm32f411xe.o
 .debug_abbrev  0x00000012      0x24c Application/User/main.o
 .debug_abbrev  0x0000025e      0x1ae Application/User/stm32f4xx_hal_msp.o
 .debug_abbrev  0x0000040c       0xe3 Application/User/stm32f4xx_it.o
 .debug_abbrev  0x000004ef      0x104 Drivers/CMSIS/system_stm32f4xx.o
 .debug_abbrev  0x000005f3      0x272 Drivers/STM32F4xx_HAL_Driver/stm32f4xx_hal.o
 .debug_abbrev  0x00000865      0x332 Drivers/STM32F4xx_HAL_Driver/stm32f4xx_hal_cortex.o
 .debug_abbrev  0x00000b97      0x1cb Drivers/STM32F4xx_HAL_Driver/stm32f4xx_hal_gpio.o
 .debug_abbrev  0x00000d62      0x348 Drivers/STM32F4xx_HAL_Driver/stm32f4xx_hal_i2c.o
 .debug_abbrev  0x000010aa      0x321 Drivers/STM32F4xx_HAL_Driver/stm32f4xx_hal_rcc.o

.debug_aranges  0x00000000      0x4b0
 .debug_aranges
                0x00000000       0x28 Application/SW4STM32/startup_stm32f411xe.o
 .debug_aranges
                0x00000028       0x30 Application/User/main.o
 .debug_aranges
                0x00000058       0x30 Application/User/stm32f4xx_hal_msp.o
 .debug_aranges
                0x00000088       0x48 Application/User/stm32f4xx_it.o
 .debug_aranges
                0x000000d0       0x28 Drivers/CMSIS/system_stm32f4xx.o
 .debug_aranges
                0x000000f8       0xb8 Drivers/STM32F4xx_HAL_Driver/stm32f4xx_hal.o
 .debug_aranges
                0x000001b0       0x98 Drivers/STM32F4xx_HAL_Driver/stm32f4xx_hal_cortex.o
 .debug_aranges
                0x00000248       0x58 Drivers/STM32F4xx_HAL_Driver/stm32f4xx_hal_gpio.o
 .debug_aranges
                0x000002a0      0x190 Drivers/STM32F4xx_HAL_Driver/stm32f4xx_hal_i2c.o
 .debug_aranges
                0x00000430       0x80 Drivers/STM32F4xx_HAL_Driver/stm32f4xx_hal_rcc.o

.debug_ranges   0x00000000      0x6d0
 .debug_ranges  0x00000000       0x20 Application/SW4STM32/startup_stm32f411xe.o
 .debug_ranges  0x00000020       0x80 Application/User/main.o
 .debug_ranges  0x000000a0       0x20 Application/User/stm32f4xx_hal_msp.o
 .debug_ranges  0x000000c0       0x38 Application/User/stm32f4xx_it.o
 .debug_ranges  0x000000f8       0x18 Drivers/CMSIS/system_stm32f4xx.o
 .debug_ranges  0x00000110       0xa8 Drivers/STM32F4xx_HAL_Driver/stm32f4xx_hal.o
 .debug_ranges  0x000001b8      0x148 Drivers/STM32F4xx_HAL_Driver/stm32f4xx_hal_cortex.o
 .debug_ranges  0x00000300       0x70 Drivers/STM32F4xx_HAL_Driver/stm32f4xx_hal_gpio.o
 .debug_ranges  0x00000370      0x210 Drivers/STM32F4xx_HAL_Driver/stm32f4xx_hal_i2c.o
 .debug_ranges  0x00000580      0x150 Drivers/STM32F4xx_HAL_Driver/stm32f4xx_hal_rcc.o

.debug_macro    0x00000000    0x15398
 .debug_macro   0x00000000      0x354 Application/User/main.o
 .debug_macro   0x00000354      0x89e Application/User/main.o
 .debug_macro   0x00000bf2      0x179 Application/User/main.o
 .debug_macro   0x00000d6b       0x33 Application/User/main.o
 .debug_macro   0x00000d9e       0x28 Application/User/main.o
 .debug_macro   0x00000dc6       0x22 Application/User/main.o
 .debug_macro   0x00000de8       0x87 Application/User/main.o
 .debug_macro   0x00000e6f       0x44 Application/User/main.o
 .debug_macro   0x00000eb3       0xfd Application/User/main.o
 .debug_macro   0x00000fb0       0x5e Application/User/main.o
 .debug_macro   0x0000100e      0x1df Application/User/main.o
 .debug_macro   0x000011ed       0x35 Application/User/main.o
 .debug_macro   0x00001222       0x50 Application/User/main.o
 .debug_macro   0x00001272      0xe66 Application/User/main.o
 .debug_macro   0x000020d8     0xb857 Application/User/main.o
 .debug_macro   0x0000d92f       0x43 Application/User/main.o
 .debug_macro   0x0000d972     0x347f Application/User/main.o
 .debug_macro   0x00010df1       0x52 Application/User/main.o
 .debug_macro   0x00010e43       0x35 Application/User/main.o
 .debug_macro   0x00010e78       0x9c Application/User/main.o
 .debug_macro   0x00010f14       0x16 Application/User/main.o
 .debug_macro   0x00010f2a       0x97 Application/User/main.o
 .debug_macro   0x00010fc1      0x30d Application/User/main.o
 .debug_macro   0x000112ce       0xfd Application/User/main.o
 .debug_macro   0x000113cb       0x10 Application/User/main.o
 .debug_macro   0x000113db       0x52 Application/User/main.o
 .debug_macro   0x0001142d       0x1f Application/User/main.o
 .debug_macro   0x0001144c       0x43 Application/User/main.o
 .debug_macro   0x0001148f       0x20 Application/User/main.o
 .debug_macro   0x000114af      0x187 Application/User/main.o
 .debug_macro   0x00011636       0x10 Application/User/main.o
 .debug_macro   0x00011646       0x1c Application/User/main.o
 .debug_macro   0x00011662       0x52 Application/User/main.o
 .debug_macro   0x000116b4       0x40 Application/User/main.o
 .debug_macro   0x000116f4       0x10 Application/User/main.o
 .debug_macro   0x00011704       0x40 Application/User/main.o
 .debug_macro   0x00011744       0xd7 Application/User/main.o
 .debug_macro   0x0001181b       0x16 Application/User/main.o
 .debug_macro   0x00011831      0x189 Application/User/main.o
 .debug_macro   0x000119ba       0x50 Application/User/main.o
 .debug_macro   0x00011a0a      0x45c Application/User/main.o
 .debug_macro   0x00011e66      0x9e1 Application/User/main.o
 .debug_macro   0x00012847      0x11e Application/User/main.o
 .debug_macro   0x00012965      0x11b Application/User/main.o
 .debug_macro   0x00012a80       0x27 Application/User/main.o
 .debug_macro   0x00012aa7      0x287 Application/User/main.o
 .debug_macro   0x00012d2e       0x5f Application/User/main.o
 .debug_macro   0x00012d8d      0x23a Application/User/main.o
 .debug_macro   0x00012fc7      0x13a Application/User/main.o
 .debug_macro   0x00013101      0x264 Application/User/main.o
 .debug_macro   0x00013365       0x2e Application/User/main.o
 .debug_macro   0x00013393      0x1a7 Application/User/main.o
 .debug_macro   0x0001353a       0x22 Application/User/main.o
 .debug_macro   0x0001355c       0xa5 Application/User/main.o
 .debug_macro   0x00013601      0x11e Application/User/main.o
 .debug_macro   0x0001371f       0x85 Application/User/main.o
 .debug_macro   0x000137a4       0x89 Application/User/main.o
 .debug_macro   0x0001382d      0x11e Application/User/main.o
 .debug_macro   0x0001394b       0x2b Application/User/main.o
 .debug_macro   0x00013976      0x118 Application/User/main.o
 .debug_macro   0x00013a8e      0x2ff Application/User/stm32f4xx_hal_msp.o
 .debug_macro   0x00013d8d      0x309 Application/User/stm32f4xx_it.o
 .debug_macro   0x00014096      0x305 Drivers/CMSIS/system_stm32f4xx.o
 .debug_macro   0x0001439b      0x35f Drivers/STM32F4xx_HAL_Driver/stm32f4xx_hal.o
 .debug_macro   0x000146fa      0x2ff Drivers/STM32F4xx_HAL_Driver/stm32f4xx_hal_cortex.o
 .debug_macro   0x000149f9      0x337 Drivers/STM32F4xx_HAL_Driver/stm32f4xx_hal_gpio.o
 .debug_macro   0x00014d30      0x33f Drivers/STM32F4xx_HAL_Driver/stm32f4xx_hal_i2c.o
 .debug_macro   0x0001506f      0x329 Drivers/STM32F4xx_HAL_Driver/stm32f4xx_hal_rcc.o

.debug_str      0x00000000    0x7fa1c
 .debug_str     0x00000000    0x7e08c Application/User/main.o
                              0x7e3fc (size before relaxing)
 .debug_str     0x0007e08c       0xff Application/User/stm32f4xx_hal_msp.o
                              0x7de2e (size before relaxing)
 .debug_str     0x0007e18b       0xc6 Application/User/stm32f4xx_it.o
                              0x7d425 (size before relaxing)
 .debug_str     0x0007e251       0xf1 Drivers/CMSIS/system_stm32f4xx.o
                              0x7d592 (size before relaxing)
 .debug_str     0x0007e342      0x55e Drivers/STM32F4xx_HAL_Driver/stm32f4xx_hal.o
                              0x7dee3 (size before relaxing)
 .debug_str     0x0007e8a0      0x327 Drivers/STM32F4xx_HAL_Driver/stm32f4xx_hal_cortex.o
                              0x7dc76 (size before relaxing)
 .debug_str     0x0007ebc7      0x27e Drivers/STM32F4xx_HAL_Driver/stm32f4xx_hal_gpio.o
                              0x7d80a (size before relaxing)
 .debug_str     0x0007ee45      0x9ba Drivers/STM32F4xx_HAL_Driver/stm32f4xx_hal_i2c.o
                              0x7e2de (size before relaxing)
 .debug_str     0x0007f7ff      0x21d Drivers/STM32F4xx_HAL_Driver/stm32f4xx_hal_rcc.o
                              0x7d999 (size before relaxing)

.comment        0x00000000       0x6e
 .comment       0x00000000       0x6e Application/User/main.o
                                 0x6f (size before relaxing)
 .comment       0x0000006e       0x6f Application/User/stm32f4xx_hal_msp.o
 .comment       0x0000006e       0x6f Application/User/stm32f4xx_it.o
 .comment       0x0000006e       0x6f Drivers/CMSIS/system_stm32f4xx.o
 .comment       0x0000006e       0x6f Drivers/STM32F4xx_HAL_Driver/stm32f4xx_hal.o
 .comment       0x0000006e       0x6f Drivers/STM32F4xx_HAL_Driver/stm32f4xx_hal_cortex.o
 .comment       0x0000006e       0x6f Drivers/STM32F4xx_HAL_Driver/stm32f4xx_hal_gpio.o
 .comment       0x0000006e       0x6f Drivers/STM32F4xx_HAL_Driver/stm32f4xx_hal_i2c.o
 .comment       0x0000006e       0x6f Drivers/STM32F4xx_HAL_Driver/stm32f4xx_hal_rcc.o

.debug_frame    0x00000000      0xcb4
 .debug_frame   0x00000000       0x5c Application/User/main.o
 .debug_frame   0x0000005c       0x54 Application/User/stm32f4xx_hal_msp.o
 .debug_frame   0x000000b0       0xac Application/User/stm32f4xx_it.o
 .debug_frame   0x0000015c       0x30 Drivers/CMSIS/system_stm32f4xx.o
 .debug_frame   0x0000018c      0x184 Drivers/STM32F4xx_HAL_Driver/stm32f4xx_hal.o
 .debug_frame   0x00000310      0x130 Drivers/STM32F4xx_HAL_Driver/stm32f4xx_hal_cortex.o
 .debug_frame   0x00000440       0xd4 Drivers/STM32F4xx_HAL_Driver/stm32f4xx_hal_gpio.o
 .debug_frame   0x00000514      0x63c Drivers/STM32F4xx_HAL_Driver/stm32f4xx_hal_i2c.o
 .debug_frame   0x00000b50      0x138 Drivers/STM32F4xx_HAL_Driver/stm32f4xx_hal_rcc.o
 .debug_frame   0x00000c88       0x2c d:/programs/eclipse_c/plugins/fr.ac6.mcu.externaltools.arm-none.win32_1.12.0.201611241417/tools/compiler/bin/../lib/gcc/arm-none-eabi/5.4.1/../../../../arm-none-eabi/lib/armv7e-m/fpu\libc_nano.a(lib_a-init.o)

.debug_loc      0x00000000     0x3699
 .debug_loc     0x00000000       0x4d Application/User/stm32f4xx_hal_msp.o
 .debug_loc     0x0000004d       0xd7 Drivers/CMSIS/system_stm32f4xx.o
 .debug_loc     0x00000124       0x92 Drivers/STM32F4xx_HAL_Driver/stm32f4xx_hal.o
 .debug_loc     0x000001b6      0x4ab Drivers/STM32F4xx_HAL_Driver/stm32f4xx_hal_cortex.o
 .debug_loc     0x00000661      0x370 Drivers/STM32F4xx_HAL_Driver/stm32f4xx_hal_gpio.o
 .debug_loc     0x000009d1     0x2843 Drivers/STM32F4xx_HAL_Driver/stm32f4xx_hal_i2c.o
 .debug_loc     0x00003214      0x485 Drivers/STM32F4xx_HAL_Driver/stm32f4xx_hal_rcc.o
